Archive member included to satisfy reference by file (symbol)

c:/dev/gnu tools arm embedded/5.4 2016q3/bin/../lib/gcc/arm-none-eabi/5.4.1/armv6-m\libgcc.a(_udivsi3.o)
                              ./system/src/stm32f0-stdperiph/stm32f0xx_rcc.o (__aeabi_uidiv)
c:/dev/gnu tools arm embedded/5.4 2016q3/bin/../lib/gcc/arm-none-eabi/5.4.1/armv6-m\libgcc.a(_dvmd_tls.o)
                              c:/dev/gnu tools arm embedded/5.4 2016q3/bin/../lib/gcc/arm-none-eabi/5.4.1/armv6-m\libgcc.a(_udivsi3.o) (__aeabi_idiv0)
c:/dev/gnu tools arm embedded/5.4 2016q3/bin/../lib/gcc/arm-none-eabi/5.4.1/armv6-m\libgcc.a(floatunsidf.o)
                              ./src/main.o (__aeabi_ui2d)
c:/dev/gnu tools arm embedded/5.4 2016q3/bin/../lib/gcc/arm-none-eabi/5.4.1/armv6-m\libgcc.a(_clzsi2.o)
                              c:/dev/gnu tools arm embedded/5.4 2016q3/bin/../lib/gcc/arm-none-eabi/5.4.1/armv6-m\libgcc.a(floatunsidf.o) (__clzsi2)
c:/dev/gnu tools arm embedded/5.4 2016q3/bin/../lib/gcc/arm-none-eabi/5.4.1/../../../../arm-none-eabi/lib/armv6-m\libg_nano.a(lib_a-errno.o)
                              ./system/src/newlib/_sbrk.o (__errno)
c:/dev/gnu tools arm embedded/5.4 2016q3/bin/../lib/gcc/arm-none-eabi/5.4.1/../../../../arm-none-eabi/lib/armv6-m\libg_nano.a(lib_a-impure.o)
                              c:/dev/gnu tools arm embedded/5.4 2016q3/bin/../lib/gcc/arm-none-eabi/5.4.1/../../../../arm-none-eabi/lib/armv6-m\libg_nano.a(lib_a-errno.o) (_impure_ptr)
c:/dev/gnu tools arm embedded/5.4 2016q3/bin/../lib/gcc/arm-none-eabi/5.4.1/../../../../arm-none-eabi/lib/armv6-m\libg_nano.a(lib_a-nano-vfprintf_float.o)
                              (_printf_float)
c:/dev/gnu tools arm embedded/5.4 2016q3/bin/../lib/gcc/arm-none-eabi/5.4.1/../../../../arm-none-eabi/lib/armv6-m\libg_nano.a(lib_a-nano-vfprintf_i.o)
                              c:/dev/gnu tools arm embedded/5.4 2016q3/bin/../lib/gcc/arm-none-eabi/5.4.1/../../../../arm-none-eabi/lib/armv6-m\libg_nano.a(lib_a-nano-vfprintf_float.o) (_printf_common)
c:/dev/gnu tools arm embedded/5.4 2016q3/bin/../lib/gcc/arm-none-eabi/5.4.1/../../../../arm-none-eabi/lib/armv6-m\libg_nano.a(lib_a-printf.o)
                              ./src/main.o (printf)
c:/dev/gnu tools arm embedded/5.4 2016q3/bin/../lib/gcc/arm-none-eabi/5.4.1/../../../../arm-none-eabi/lib/armv6-m\libg_nano.a(lib_a-strlen.o)
                              ./system/src/diag/Trace.o (strlen)
c:/dev/gnu tools arm embedded/5.4 2016q3/bin/../lib/gcc/arm-none-eabi/5.4.1/../../../../arm-none-eabi/lib/armv6-m\libg_nano.a(lib_a-vsnprintf.o)
                              ./system/src/diag/Trace.o (vsnprintf)
c:/dev/gnu tools arm embedded/5.4 2016q3/bin/../lib/gcc/arm-none-eabi/5.4.1/../../../../arm-none-eabi/lib/armv6-m\libg_nano.a(lib_a-dtoa.o)
                              c:/dev/gnu tools arm embedded/5.4 2016q3/bin/../lib/gcc/arm-none-eabi/5.4.1/../../../../arm-none-eabi/lib/armv6-m\libg_nano.a(lib_a-nano-vfprintf_float.o) (_dtoa_r)
c:/dev/gnu tools arm embedded/5.4 2016q3/bin/../lib/gcc/arm-none-eabi/5.4.1/../../../../arm-none-eabi/lib/armv6-m\libg_nano.a(lib_a-findfp.o)
                              c:/dev/gnu tools arm embedded/5.4 2016q3/bin/../lib/gcc/arm-none-eabi/5.4.1/../../../../arm-none-eabi/lib/armv6-m\libg_nano.a(lib_a-printf.o) (__sinit)
c:/dev/gnu tools arm embedded/5.4 2016q3/bin/../lib/gcc/arm-none-eabi/5.4.1/../../../../arm-none-eabi/lib/armv6-m\libg_nano.a(lib_a-fwalk.o)
                              c:/dev/gnu tools arm embedded/5.4 2016q3/bin/../lib/gcc/arm-none-eabi/5.4.1/../../../../arm-none-eabi/lib/armv6-m\libg_nano.a(lib_a-findfp.o) (_fwalk)
c:/dev/gnu tools arm embedded/5.4 2016q3/bin/../lib/gcc/arm-none-eabi/5.4.1/../../../../arm-none-eabi/lib/armv6-m\libg_nano.a(lib_a-localeconv.o)
                              c:/dev/gnu tools arm embedded/5.4 2016q3/bin/../lib/gcc/arm-none-eabi/5.4.1/../../../../arm-none-eabi/lib/armv6-m\libg_nano.a(lib_a-nano-vfprintf_float.o) (_localeconv_r)
c:/dev/gnu tools arm embedded/5.4 2016q3/bin/../lib/gcc/arm-none-eabi/5.4.1/../../../../arm-none-eabi/lib/armv6-m\libg_nano.a(lib_a-malloc.o)
                              c:/dev/gnu tools arm embedded/5.4 2016q3/bin/../lib/gcc/arm-none-eabi/5.4.1/../../../../arm-none-eabi/lib/armv6-m\libg_nano.a(lib_a-dtoa.o) (malloc)
c:/dev/gnu tools arm embedded/5.4 2016q3/bin/../lib/gcc/arm-none-eabi/5.4.1/../../../../arm-none-eabi/lib/armv6-m\libg_nano.a(lib_a-memchr-stub.o)
                              c:/dev/gnu tools arm embedded/5.4 2016q3/bin/../lib/gcc/arm-none-eabi/5.4.1/../../../../arm-none-eabi/lib/armv6-m\libg_nano.a(lib_a-nano-vfprintf_i.o) (memchr)
c:/dev/gnu tools arm embedded/5.4 2016q3/bin/../lib/gcc/arm-none-eabi/5.4.1/../../../../arm-none-eabi/lib/armv6-m\libg_nano.a(lib_a-memcpy-stub.o)
                              c:/dev/gnu tools arm embedded/5.4 2016q3/bin/../lib/gcc/arm-none-eabi/5.4.1/../../../../arm-none-eabi/lib/armv6-m\libg_nano.a(lib_a-dtoa.o) (memcpy)
[...]
Memory Configuration

Name             Origin             Length             Attributes
RAM              0x20000000         0x00002000         xrw
CCMRAM           0x00000000         0x00000000         xrw
FLASH            0x08000000         0x00010000         xr
FLASHB1          0x00000000         0x00000000         xr
EXTMEMB0         0x00000000         0x00000000         xr
EXTMEMB1         0x00000000         0x00000000         xr
EXTMEMB2         0x00000000         0x00000000         xr
EXTMEMB3         0x00000000         0x00000000         xr
MEMORY_ARRAY     0x00000000         0x00000000         xrw
*default*        0x00000000         0xffffffff

Linker script and memory map

LOAD ./system/src/stm32f0-stdperiph/stm32f0xx_gpio.o
LOAD ./system/src/stm32f0-stdperiph/stm32f0xx_rcc.o
LOAD ./system/src/newlib/_cxx.o
LOAD ./system/src/newlib/_exit.o
LOAD ./system/src/newlib/_sbrk.o
LOAD ./system/src/newlib/_startup.o
LOAD ./system/src/newlib/_syscalls.o
LOAD ./system/src/newlib/assert.o
LOAD ./system/src/diag/Trace.o
LOAD ./system/src/diag/trace_impl.o
LOAD ./system/src/cortexm/_initialize_hardware.o
LOAD ./system/src/cortexm/_reset_hardware.o
LOAD ./system/src/cortexm/exception_handlers.o
LOAD ./system/src/cmsis/system_stm32f0xx.o
LOAD ./system/src/cmsis/vectors_stm32f0xx.o
LOAD ./src/_write.o
LOAD ./src/main.o
LOAD c:/dev/gnu tools arm embedded/5.4 2016q3/bin/../lib/gcc/arm-none-eabi/5.4.1/../../../../arm-none-eabi/lib/armv6-m\libstdc++_nano.a
LOAD c:/dev/gnu tools arm embedded/5.4 2016q3/bin/../lib/gcc/arm-none-eabi/5.4.1/../../../../arm-none-eabi/lib/armv6-m\libm.a
START GROUP
LOAD c:/dev/gnu tools arm embedded/5.4 2016q3/bin/../lib/gcc/arm-none-eabi/5.4.1/armv6-m\libgcc.a
LOAD c:/dev/gnu tools arm embedded/5.4 2016q3/bin/../lib/gcc/arm-none-eabi/5.4.1/../../../../arm-none-eabi/lib/armv6-m\libg_nano.a
LOAD c:/dev/gnu tools arm embedded/5.4 2016q3/bin/../lib/gcc/arm-none-eabi/5.4.1/../../../../arm-none-eabi/lib/armv6-m\libc_nano.a
END GROUP
START GROUP
LOAD c:/dev/gnu tools arm embedded/5.4 2016q3/bin/../lib/gcc/arm-none-eabi/5.4.1/armv6-m\libgcc.a
LOAD c:/dev/gnu tools arm embedded/5.4 2016q3/bin/../lib/gcc/arm-none-eabi/5.4.1/../../../../arm-none-eabi/lib/armv6-m\libc_nano.a
END GROUP
                0x20002000                __stack = (ORIGIN (RAM) + LENGTH (RAM))
                0x20002000                _estack = __stack
                0x00000400                __Main_Stack_Size = 0x400
                [!provide]                PROVIDE (_Main_Stack_Size, __Main_Stack_Size)
                0x20001c00                __Main_Stack_Limit = (__stack - __Main_Stack_Size)
                [!provide]                PROVIDE (_Main_Stack_Limit, __Main_Stack_Limit)
                0x00000100                _Minimum_Stack_Size = 0x100
                0x20000294                PROVIDE (_Heap_Begin, _end_noinit)
                0x20001c00                PROVIDE (_Heap_Limit, (__stack - __Main_Stack_Size))

.isr_vector     0x08000000      0x230
 FILL mask 0xff
                0x08000000                __vectors_start = ABSOLUTE (.)
                0x08000000                __vectors_start__ = ABSOLUTE (.)
 *(.isr_vector)
 .isr_vector    0x08000000       0xc4 ./system/src/cmsis/vectors_stm32f0xx.o
                0x08000000                g_pfnVectors
 *(.cfmconfig)
 *(.after_vectors .after_vectors.*)
 .after_vectors
                0x080000c4      0x118 ./system/src/newlib/_startup.o
                0x080000c4                _start
 .after_vectors
                0x080001dc       0x50 ./system/src/cortexm/exception_handlers.o
                0x080001dc                Reset_Handler
                0x080001e4                NMI_Handler
                0x080001e8                HardFault_Handler
                0x08000200                HardFault_Handler_C
                0x0800021c                SVC_Handler
                0x08000220                PendSV_Handler
                0x08000224                SysTick_Handler
 .after_vectors
                0x0800022c        0x4 ./system/src/cmsis/vectors_stm32f0xx.o
                0x0800022c                TIM1_CC_IRQHandler
                0x0800022c                TSC_IRQHandler
                0x0800022c                ADC1_COMP_IRQHandler
                0x0800022c                TIM6_IRQHandler
                0x0800022c                PVD_IRQHandler
                0x0800022c                I2C1_IRQHandler
                0x0800022c                RCC_CRS_IRQHandler
                0x0800022c                SPI1_IRQHandler
                0x0800022c                TIM6_DAC_IRQHandler
                0x0800022c                USART3_4_IRQHandler
                0x0800022c                EXTI2_3_IRQHandler
                0x0800022c                ADC1_IRQHandler
                0x0800022c                I2C2_IRQHandler
                0x0800022c                USART3_6_IRQHandler
                0x0800022c                TIM17_IRQHandler
                0x0800022c                CEC_CAN_IRQHandler
                0x0800022c                RTC_IRQHandler
                0x0800022c                PVD_VDDIO2_IRQHandler
                0x0800022c                DMA1_Channel4_5_6_7_IRQHandler
                0x0800022c                TIM16_IRQHandler
                0x0800022c                TIM3_IRQHandler
                0x0800022c                RCC_IRQHandler
                0x0800022c                EXTI4_15_IRQHandler
                0x0800022c                USART3_8_IRQHandler
                0x0800022c                DMA1_Channel1_IRQHandler
                0x0800022c                Default_Handler
                0x0800022c                CEC_IRQHandler
                0x0800022c                TIM14_IRQHandler
                0x0800022c                DMA1_Channel4_5_IRQHandler
                0x0800022c                TIM7_IRQHandler
                0x0800022c                TIM15_IRQHandler
                0x0800022c                EXTI0_1_IRQHandler
                0x0800022c                USB_IRQHandler
                0x0800022c                SPI2_IRQHandler
                0x0800022c                DMA1_Ch2_3_DMA2_Ch1_2_IRQHandler
                0x0800022c                DMA1_Ch4_7_DMA2_Ch3_5_IRQHandler
                0x0800022c                TS_IRQHandler
                0x0800022c                WWDG_IRQHandler
                0x0800022c                TIM2_IRQHandler
                0x0800022c                DMA1_Channel2_3_IRQHandler
                0x0800022c                USART2_IRQHandler
                0x0800022c                VDDIO2_IRQHandler
                0x0800022c                FLASH_IRQHandler
                0x0800022c                USART1_IRQHandler
                0x0800022c                TIM1_BRK_UP_TRG_COM_IRQHandler

.inits          0x08000230       0x28
                0x08000230                __data_regions_array_start = .
                0x08000230        0x4 LONG 0x80055b0 LOADADDR (.data)
                0x08000234        0x4 LONG 0x20000000 ADDR (.data)
                0x08000238        0x4 LONG 0x200001f4 (ADDR (.data) + SIZEOF (.data))
                0x0800023c        0x4 LONG 0x80055b0 LOADADDR (.data_CCMRAM)
                0x08000240        0x4 LONG 0x0 ADDR (.data_CCMRAM)
                0x08000244        0x4 LONG 0x0 (ADDR (.data_CCMRAM) + SIZEOF (.data_CCMRAM))
                0x08000248                __data_regions_array_end = .
                0x08000248                __bss_regions_array_start = .
                0x08000248        0x4 LONG 0x200001f4 ADDR (.bss)
                0x0800024c        0x4 LONG 0x20000294 (ADDR (.bss) + SIZEOF (.bss))
                0x08000250        0x4 LONG 0x0 ADDR (.bss_CCMRAM)
                0x08000254        0x4 LONG 0x0 (ADDR (.bss_CCMRAM) + SIZEOF (.bss_CCMRAM))
                0x08000258                __bss_regions_array_end = .
 *(.init)
 *(.fini)
                0x08000258                . = ALIGN (0x4)
                0x08000258                PROVIDE (__preinit_array_start, .)
 *(.preinit_array_sysinit .preinit_array_sysinit.*)
 *(.preinit_array_platform .preinit_array_platform.*)
 *(.preinit_array .preinit_array.*)
                0x08000258                PROVIDE (__preinit_array_end, .)
                0x08000258                . = ALIGN (0x4)
                0x08000258                PROVIDE (__init_array_start, .)
 *(SORT(.init_array.*))
 *(.init_array)
                0x08000258                PROVIDE (__init_array_end, .)
                0x08000258                . = ALIGN (0x4)
                0x08000258                PROVIDE (__fini_array_start, .)
 *(SORT(.fini_array.*))
 *(.fini_array)
                0x08000258                PROVIDE (__fini_array_end, .)

.flashtext
 *(.flashtext .flashtext.*)

.text           0x08000258     0x5358
 *(.text .text.*)
 .text._exit    0x08000258        0x4 ./system/src/newlib/_exit.o
                0x08000258                _exit
 .text._sbrk    0x0800025c       0x44 ./system/src/newlib/_sbrk.o
                0x0800025c                _sbrk
 .text.__initialize_args
                0x080002a0       0x10 ./system/src/newlib/_syscalls.o
                0x080002a0                __initialize_args
 .text._close   0x080002b0       0x10 ./system/src/newlib/_syscalls.o
                0x080002b0                _close
 .text._fstat   0x080002c0       0x10 ./system/src/newlib/_syscalls.o
                0x080002c0                _fstat
 .text._isatty  0x080002d0       0x10 ./system/src/newlib/_syscalls.o
                0x080002d0                _isatty
 .text._lseek   0x080002e0       0x10 ./system/src/newlib/_syscalls.o
                0x080002e0                _lseek
 .text._read    0x080002f0       0x10 ./system/src/newlib/_syscalls.o
                0x080002f0                _read
 .text.trace_printf
                0x08000300       0x2c ./system/src/diag/Trace.o
                0x08000300                trace_printf
 .text._trace_write_semihosting_debug
                0x0800032c       0x68 ./system/src/diag/trace_impl.o
 .text.trace_write
                0x08000394        0x8 ./system/src/diag/trace_impl.o
                0x08000394                trace_write
 .text.__initialize_hardware_early
                0x0800039c        0x8 ./system/src/cortexm/_initialize_hardware.o
                0x0800039c                __initialize_hardware_early
 .text.__initialize_hardware
                0x080003a4        0x8 ./system/src/cortexm/_initialize_hardware.o
                0x080003a4                __initialize_hardware
 .text.dumpExceptionStack
                0x080003ac       0x88 ./system/src/cortexm/exception_handlers.o
                0x080003ac                dumpExceptionStack
 .text.SetSysClock
                0x08000434       0xb0 ./system/src/cmsis/system_stm32f0xx.o
 .text.SystemInit
                0x080004e4       0x64 ./system/src/cmsis/system_stm32f0xx.o
                0x080004e4                SystemInit
 .text.SystemCoreClockUpdate
                0x08000548       0x94 ./system/src/cmsis/system_stm32f0xx.o
                0x08000548                SystemCoreClockUpdate
 .text._write   0x080005dc       0x24 ./src/_write.o
                0x080005dc                _write
 .text.myADC_init
                0x08000600       0x7c ./src/main.o
                0x08000600                myADC_init
 .text.myGPIOC_init
                0x0800067c       0x28 ./src/main.o
                0x0800067c                myGPIOC_init
 .text.main     0x080006a4       0x38 ./src/main.o
                0x080006a4                main
 .text          0x080006dc      0x114 c:/dev/gnu tools arm embedded/5.4 2016q3/bin/../lib/gcc/arm-none-eabi/5.4.1/armv6-m\libgcc.a(_udivsi3.o)
                0x080006dc                __aeabi_uidiv
                0x080006dc                __udivsi3
                0x080007e8                __aeabi_uidivmod
 .text          0x080007f0        0x4 c:/dev/gnu tools arm embedded/5.4 2016q3/bin/../lib/gcc/arm-none-eabi/5.4.1/armv6-m\libgcc.a(_dvmd_tls.o)
                0x080007f0                __aeabi_idiv0
                0x080007f0                __aeabi_ldiv0
 .text          0x080007f4       0x70 c:/dev/gnu tools arm embedded/5.4 2016q3/bin/../lib/gcc/arm-none-eabi/5.4.1/armv6-m\libgcc.a(floatunsidf.o)
                0x080007f4                __aeabi_ui2d
 .text          0x08000864       0x3c c:/dev/gnu tools arm embedded/5.4 2016q3/bin/../lib/gcc/arm-none-eabi/5.4.1/armv6-m\libgcc.a(_clzsi2.o)
                0x08000864                __clzsi2
 .text.__errno  0x080008a0        0xc c:/dev/gnu tools arm embedded/5.4 2016q3/bin/../lib/gcc/arm-none-eabi/5.4.1/../../../../arm-none-eabi/lib/armv6-m\libg_nano.a(lib_a-errno.o)
                0x080008a0                __errno
 .text.__cvt    0x080008ac       0xca c:/dev/gnu tools arm embedded/5.4 2016q3/bin/../lib/gcc/arm-none-eabi/5.4.1/../../../../arm-none-eabi/lib/armv6-m\libg_nano.a(lib_a-nano-vfprintf_float.o)
                0x080008ac                __cvt
 .text.__exponent
                0x08000976       0x62 c:/dev/gnu tools arm embedded/5.4 2016q3/bin/../lib/gcc/arm-none-eabi/5.4.1/../../../../arm-none-eabi/lib/armv6-m\libg_nano.a(lib_a-nano-vfprintf_float.o)
                0x08000976                __exponent
 .text._printf_float
                0x080009d8      0x4a0 c:/dev/gnu tools arm embedded/5.4 2016q3/bin/../lib/gcc/arm-none-eabi/5.4.1/../../../../arm-none-eabi/lib/armv6-m\libg_nano.a(lib_a-nano-vfprintf_float.o)
                0x080009d8                _printf_float
 .text._printf_common
                0x08000e78       0xdc c:/dev/gnu tools arm embedded/5.4 2016q3/bin/../lib/gcc/arm-none-eabi/5.4.1/../../../../arm-none-eabi/lib/armv6-m\libg_nano.a(lib_a-nano-vfprintf_i.o)
                0x08000e78                _printf_common
 .text._printf_i
                0x08000f54      0x244 c:/dev/gnu tools arm embedded/5.4 2016q3/bin/../lib/gcc/arm-none-eabi/5.4.1/../../../../arm-none-eabi/lib/armv6-m\libg_nano.a(lib_a-nano-vfprintf_i.o)
                0x08000f54                _printf_i
 .text.printf   0x08001198       0x34 c:/dev/gnu tools arm embedded/5.4 2016q3/bin/../lib/gcc/arm-none-eabi/5.4.1/../../../../arm-none-eabi/lib/armv6-m\libg_nano.a(lib_a-printf.o)
                0x08001198                iprintf
                0x08001198                printf
 .text          0x080011cc        0xe c:/dev/gnu tools arm embedded/5.4 2016q3/bin/../lib/gcc/arm-none-eabi/5.4.1/../../../../arm-none-eabi/lib/armv6-m\libg_nano.a(lib_a-strlen.o)
                0x080011cc                strlen
 .text._vsnprintf_r
                0x080011da       0x56 c:/dev/gnu tools arm embedded/5.4 2016q3/bin/../lib/gcc/arm-none-eabi/5.4.1/../../../../arm-none-eabi/lib/armv6-m\libg_nano.a(lib_a-vsnprintf.o)
                0x080011da                _vsniprintf_r
                0x080011da                _vsnprintf_r
 .text.vsnprintf
                0x08001230       0x18 c:/dev/gnu tools arm embedded/5.4 2016q3/bin/../lib/gcc/arm-none-eabi/5.4.1/../../../../arm-none-eabi/lib/armv6-m\libg_nano.a(lib_a-vsnprintf.o)
                0x08001230                vsniprintf
                0x08001230                vsnprintf
 .text.quorem   0x08001248      0x10c c:/dev/gnu tools arm embedded/5.4 2016q3/bin/../lib/gcc/arm-none-eabi/5.4.1/../../../../arm-none-eabi/lib/armv6-m\libg_nano.a(lib_a-dtoa.o)
 .text._dtoa_r  0x08001354      0xb8c c:/dev/gnu tools arm embedded/5.4 2016q3/bin/../lib/gcc/arm-none-eabi/5.4.1/../../../../arm-none-eabi/lib/armv6-m\libg_nano.a(lib_a-dtoa.o)
                0x08001354                _dtoa_r
 .text._cleanup_r
                0x08001ee0       0x10 c:/dev/gnu tools arm embedded/5.4 2016q3/bin/../lib/gcc/arm-none-eabi/5.4.1/../../../../arm-none-eabi/lib/armv6-m\libg_nano.a(lib_a-findfp.o)
                0x08001ee0                _cleanup_r
 .text.std.isra.0
                0x08001ef0       0x48 c:/dev/gnu tools arm embedded/5.4 2016q3/bin/../lib/gcc/arm-none-eabi/5.4.1/../../../../arm-none-eabi/lib/armv6-m\libg_nano.a(lib_a-findfp.o)
 .text.__sfmoreglue
                0x08001f38       0x2c c:/dev/gnu tools arm embedded/5.4 2016q3/bin/../lib/gcc/arm-none-eabi/5.4.1/../../../../arm-none-eabi/lib/armv6-m\libg_nano.a(lib_a-findfp.o)
                0x08001f38                __sfmoreglue
 .text.__sinit  0x08001f64       0x68 c:/dev/gnu tools arm embedded/5.4 2016q3/bin/../lib/gcc/arm-none-eabi/5.4.1/../../../../arm-none-eabi/lib/armv6-m\libg_nano.a(lib_a-findfp.o)
                0x08001f64                __sinit
 .text.__sfp    0x08001fcc       0x7c c:/dev/gnu tools arm embedded/5.4 2016q3/bin/../lib/gcc/arm-none-eabi/5.4.1/../../../../arm-none-eabi/lib/armv6-m\libg_nano.a(lib_a-findfp.o)
                0x08001fcc                __sfp
 .text._fwalk_reent
                0x08002048       0x42 c:/dev/gnu tools arm embedded/5.4 2016q3/bin/../lib/gcc/arm-none-eabi/5.4.1/../../../../arm-none-eabi/lib/armv6-m\libg_nano.a(lib_a-fwalk.o)
                0x08002048                _fwalk_reent
 *fill*         0x0800208a        0x2 
 .text._localeconv_r
                0x0800208c       0x18 c:/dev/gnu tools arm embedded/5.4 2016q3/bin/../lib/gcc/arm-none-eabi/5.4.1/../../../../arm-none-eabi/lib/armv6-m\libg_nano.a(lib_a-localeconv.o)
                0x0800208c                _localeconv_r
 .text.malloc   0x080020a4       0x14 c:/dev/gnu tools arm embedded/5.4 2016q3/bin/../lib/gcc/arm-none-eabi/5.4.1/../../../../arm-none-eabi/lib/armv6-m\libg_nano.a(lib_a-malloc.o)
                0x080020a4                malloc
 .text.memchr   0x080020b8       0x16 c:/dev/gnu tools arm embedded/5.4 2016q3/bin/../lib/gcc/arm-none-eabi/5.4.1/../../../../arm-none-eabi/lib/armv6-m\libg_nano.a(lib_a-memchr-stub.o)
                0x080020b8                memchr
 .text.memcpy   0x080020ce       0x12 c:/dev/gnu tools arm embedded/5.4 2016q3/bin/../lib/gcc/arm-none-eabi/5.4.1/../../../../arm-none-eabi/lib/armv6-m\libg_nano.a(lib_a-memcpy-stub.o)
                0x080020ce                memcpy
 .text.memset   0x080020e0       0x10 c:/dev/gnu tools arm embedded/5.4 2016q3/bin/../lib/gcc/arm-none-eabi/5.4.1/../../../../arm-none-eabi/lib/armv6-m\libg_nano.a(lib_a-memset.o)
                0x080020e0                memset
 .text._Balloc  0x080020f0       0x70 c:/dev/gnu tools arm embedded/5.4 2016q3/bin/../lib/gcc/arm-none-eabi/5.4.1/../../../../arm-none-eabi/lib/armv6-m\libg_nano.a(lib_a-mprec.o)
                0x080020f0                _Balloc
 .text._Bfree   0x08002160       0x32 c:/dev/gnu tools arm embedded/5.4 2016q3/bin/../lib/gcc/arm-none-eabi/5.4.1/../../../../arm-none-eabi/lib/armv6-m\libg_nano.a(lib_a-mprec.o)
                0x08002160                _Bfree
 .text.__multadd
                0x08002192       0x7a c:/dev/gnu tools arm embedded/5.4 2016q3/bin/../lib/gcc/arm-none-eabi/5.4.1/../../../../arm-none-eabi/lib/armv6-m\libg_nano.a(lib_a-mprec.o)
                0x08002192                __multadd
 .text.__hi0bits
                0x0800220c       0x36 c:/dev/gnu tools arm embedded/5.4 2016q3/bin/../lib/gcc/arm-none-eabi/5.4.1/../../../../arm-none-eabi/lib/armv6-m\libg_nano.a(lib_a-mprec.o)
                0x0800220c                __hi0bits
 .text.__lo0bits
                0x08002242       0x5e c:/dev/gnu tools arm embedded/5.4 2016q3/bin/../lib/gcc/arm-none-eabi/5.4.1/../../../../arm-none-eabi/lib/armv6-m\libg_nano.a(lib_a-mprec.o)
                0x08002242                __lo0bits
 .text.__i2b    0x080022a0       0x12 c:/dev/gnu tools arm embedded/5.4 2016q3/bin/../lib/gcc/arm-none-eabi/5.4.1/../../../../arm-none-eabi/lib/armv6-m\libg_nano.a(lib_a-mprec.o)
                0x080022a0                __i2b
 .text.__multiply
                0x080022b2      0x112 c:/dev/gnu tools arm embedded/5.4 2016q3/bin/../lib/gcc/arm-none-eabi/5.4.1/../../../../arm-none-eabi/lib/armv6-m\libg_nano.a(lib_a-mprec.o)
                0x080022b2                __multiply
 .text.__pow5mult
                0x080023c4       0xa8 c:/dev/gnu tools arm embedded/5.4 2016q3/bin/../lib/gcc/arm-none-eabi/5.4.1/../../../../arm-none-eabi/lib/armv6-m\libg_nano.a(lib_a-mprec.o)
                0x080023c4                __pow5mult
 .text.__lshift
                0x0800246c       0xa4 c:/dev/gnu tools arm embedded/5.4 2016q3/bin/../lib/gcc/arm-none-eabi/5.4.1/../../../../arm-none-eabi/lib/armv6-m\libg_nano.a(lib_a-mprec.o)
                0x0800246c                __lshift
 .text.__mcmp   0x08002510       0x36 c:/dev/gnu tools arm embedded/5.4 2016q3/bin/../lib/gcc/arm-none-eabi/5.4.1/../../../../arm-none-eabi/lib/armv6-m\libg_nano.a(lib_a-mprec.o)
                0x08002510                __mcmp
 .text.__mdiff  0x08002546       0xd6 c:/dev/gnu tools arm embedded/5.4 2016q3/bin/../lib/gcc/arm-none-eabi/5.4.1/../../../../arm-none-eabi/lib/armv6-m\libg_nano.a(lib_a-mprec.o)
                0x08002546                __mdiff
 .text.__d2b    0x0800261c       0xa8 c:/dev/gnu tools arm embedded/5.4 2016q3/bin/../lib/gcc/arm-none-eabi/5.4.1/../../../../arm-none-eabi/lib/armv6-m\libg_nano.a(lib_a-mprec.o)
                0x0800261c                __d2b
 .text._calloc_r
                0x080026c4       0x1c c:/dev/gnu tools arm embedded/5.4 2016q3/bin/../lib/gcc/arm-none-eabi/5.4.1/../../../../arm-none-eabi/lib/armv6-m\libg_nano.a(lib_a-nano-callocr.o)
                0x080026c4                _calloc_r
 .text._free_r  0x080026e0       0x98 c:/dev/gnu tools arm embedded/5.4 2016q3/bin/../lib/gcc/arm-none-eabi/5.4.1/../../../../arm-none-eabi/lib/armv6-m\libg_nano.a(lib_a-nano-freer.o)
                0x080026e0                _free_r
 .text._malloc_r
                0x08002778       0xc0 c:/dev/gnu tools arm embedded/5.4 2016q3/bin/../lib/gcc/arm-none-eabi/5.4.1/../../../../arm-none-eabi/lib/armv6-m\libg_nano.a(lib_a-nano-mallocr.o)
                0x08002778                _malloc_r
 .text.__ssputs_r
                0x08002838       0xc4 c:/dev/gnu tools arm embedded/5.4 2016q3/bin/../lib/gcc/arm-none-eabi/5.4.1/../../../../arm-none-eabi/lib/armv6-m\libg_nano.a(lib_a-nano-svfprintf.o)
                0x08002838                __ssputs_r
 .text._svfprintf_r
                0x080028fc      0x1fc c:/dev/gnu tools arm embedded/5.4 2016q3/bin/../lib/gcc/arm-none-eabi/5.4.1/../../../../arm-none-eabi/lib/armv6-m\libg_nano.a(lib_a-nano-svfprintf.o)
                0x080028fc                _svfiprintf_r
                0x080028fc                _svfprintf_r
 .text.__sfputc_r
                0x08002af8       0x2a c:/dev/gnu tools arm embedded/5.4 2016q3/bin/../lib/gcc/arm-none-eabi/5.4.1/../../../../arm-none-eabi/lib/armv6-m\libg_nano.a(lib_a-nano-vfprintf.o)
 .text.__sfputs_r
                0x08002b22       0x24 c:/dev/gnu tools arm embedded/5.4 2016q3/bin/../lib/gcc/arm-none-eabi/5.4.1/../../../../arm-none-eabi/lib/armv6-m\libg_nano.a(lib_a-nano-vfprintf.o)
                0x08002b22                __sfputs_r
 *fill*         0x08002b46        0x2 
 .text._vfprintf_r
                0x08002b48      0x238 c:/dev/gnu tools arm embedded/5.4 2016q3/bin/../lib/gcc/arm-none-eabi/5.4.1/../../../../arm-none-eabi/lib/armv6-m\libg_nano.a(lib_a-nano-vfprintf.o)
                0x08002b48                _vfprintf_r
                0x08002b48                _vfiprintf_r
 .text._sbrk_r  0x08002d80       0x24 c:/dev/gnu tools arm embedded/5.4 2016q3/bin/../lib/gcc/arm-none-eabi/5.4.1/../../../../arm-none-eabi/lib/armv6-m\libg_nano.a(lib_a-sbrkr.o)
                0x08002d80                _sbrk_r
 .text.__sread  0x08002da4       0x28 c:/dev/gnu tools arm embedded/5.4 2016q3/bin/../lib/gcc/arm-none-eabi/5.4.1/../../../../arm-none-eabi/lib/armv6-m\libg_nano.a(lib_a-stdio.o)
                0x08002da4                __sread
 .text.__swrite
                0x08002dcc       0x38 c:/dev/gnu tools arm embedded/5.4 2016q3/bin/../lib/gcc/arm-none-eabi/5.4.1/../../../../arm-none-eabi/lib/armv6-m\libg_nano.a(lib_a-stdio.o)
                0x08002dcc                __swrite
 .text.__sseek  0x08002e04       0x2c c:/dev/gnu tools arm embedded/5.4 2016q3/bin/../lib/gcc/arm-none-eabi/5.4.1/../../../../arm-none-eabi/lib/armv6-m\libg_nano.a(lib_a-stdio.o)
                0x08002e04                __sseek
 .text.__sclose
                0x08002e30        0xc c:/dev/gnu tools arm embedded/5.4 2016q3/bin/../lib/gcc/arm-none-eabi/5.4.1/../../../../arm-none-eabi/lib/armv6-m\libg_nano.a(lib_a-stdio.o)
                0x08002e30                __sclose
 .text.__swbuf_r
                0x08002e3c       0xac c:/dev/gnu tools arm embedded/5.4 2016q3/bin/../lib/gcc/arm-none-eabi/5.4.1/../../../../arm-none-eabi/lib/armv6-m\libg_nano.a(lib_a-wbuf.o)
                0x08002e3c                __swbuf_r
 .text._write_r
                0x08002ee8       0x28 c:/dev/gnu tools arm embedded/5.4 2016q3/bin/../lib/gcc/arm-none-eabi/5.4.1/../../../../arm-none-eabi/lib/armv6-m\libg_nano.a(lib_a-writer.o)
                0x08002ee8                _write_r
 .text.__swsetup_r
                0x08002f10       0xec c:/dev/gnu tools arm embedded/5.4 2016q3/bin/../lib/gcc/arm-none-eabi/5.4.1/../../../../arm-none-eabi/lib/armv6-m\libg_nano.a(lib_a-wsetup.o)
                0x08002f10                __swsetup_r
 .text._close_r
                0x08002ffc       0x24 c:/dev/gnu tools arm embedded/5.4 2016q3/bin/../lib/gcc/arm-none-eabi/5.4.1/../../../../arm-none-eabi/lib/armv6-m\libg_nano.a(lib_a-closer.o)
                0x08002ffc                _close_r
 .text.__sflush_r
                0x08003020      0x10c c:/dev/gnu tools arm embedded/5.4 2016q3/bin/../lib/gcc/arm-none-eabi/5.4.1/../../../../arm-none-eabi/lib/armv6-m\libg_nano.a(lib_a-fflush.o)
                0x08003020                __sflush_r
 .text._fflush_r
                0x0800312c       0x58 c:/dev/gnu tools arm embedded/5.4 2016q3/bin/../lib/gcc/arm-none-eabi/5.4.1/../../../../arm-none-eabi/lib/armv6-m\libg_nano.a(lib_a-fflush.o)
                0x0800312c                _fflush_r
 .text._lseek_r
                0x08003184       0x28 c:/dev/gnu tools arm embedded/5.4 2016q3/bin/../lib/gcc/arm-none-eabi/5.4.1/../../../../arm-none-eabi/lib/armv6-m\libg_nano.a(lib_a-lseekr.o)
                0x08003184                _lseek_r
 .text.__swhatbuf_r
                0x080031ac       0x4c c:/dev/gnu tools arm embedded/5.4 2016q3/bin/../lib/gcc/arm-none-eabi/5.4.1/../../../../arm-none-eabi/lib/armv6-m\libg_nano.a(lib_a-makebuf.o)
                0x080031ac                __swhatbuf_r
 .text.__smakebuf_r
                0x080031f8       0x7c c:/dev/gnu tools arm embedded/5.4 2016q3/bin/../lib/gcc/arm-none-eabi/5.4.1/../../../../arm-none-eabi/lib/armv6-m\libg_nano.a(lib_a-makebuf.o)
                0x080031f8                __smakebuf_r
 .text.__ascii_mbtowc
                0x08003274       0x24 c:/dev/gnu tools arm embedded/5.4 2016q3/bin/../lib/gcc/arm-none-eabi/5.4.1/../../../../arm-none-eabi/lib/armv6-m\libg_nano.a(lib_a-mbtowc_r.o)
                0x08003274                __ascii_mbtowc
 .text.memmove  0x08003298       0x2a c:/dev/gnu tools arm embedded/5.4 2016q3/bin/../lib/gcc/arm-none-eabi/5.4.1/../../../../arm-none-eabi/lib/armv6-m\libg_nano.a(lib_a-memmove.o)
                0x08003298                memmove
 .text.__malloc_lock
                0x080032c2        0x2 c:/dev/gnu tools arm embedded/5.4 2016q3/bin/../lib/gcc/arm-none-eabi/5.4.1/../../../../arm-none-eabi/lib/armv6-m\libg_nano.a(lib_a-mlock.o)
                0x080032c2                __malloc_lock
 .text.__malloc_unlock
                0x080032c4        0x2 c:/dev/gnu tools arm embedded/5.4 2016q3/bin/../lib/gcc/arm-none-eabi/5.4.1/../../../../arm-none-eabi/lib/armv6-m\libg_nano.a(lib_a-mlock.o)
                0x080032c4                __malloc_unlock
 .text._realloc_r
                0x080032c6       0x4c c:/dev/gnu tools arm embedded/5.4 2016q3/bin/../lib/gcc/arm-none-eabi/5.4.1/../../../../arm-none-eabi/lib/armv6-m\libg_nano.a(lib_a-nano-reallocr.o)
                0x080032c6                _realloc_r
 *fill*         0x08003312        0x2 
 .text._read_r  0x08003314       0x28 c:/dev/gnu tools arm embedded/5.4 2016q3/bin/../lib/gcc/arm-none-eabi/5.4.1/../../../../arm-none-eabi/lib/armv6-m\libg_nano.a(lib_a-readr.o)
                0x08003314                _read_r
 .text.__ascii_wctomb
                0x0800333c       0x18 c:/dev/gnu tools arm embedded/5.4 2016q3/bin/../lib/gcc/arm-none-eabi/5.4.1/../../../../arm-none-eabi/lib/armv6-m\libg_nano.a(lib_a-wctomb_r.o)
                0x0800333c                __ascii_wctomb
 .text._fstat_r
                0x08003354       0x24 c:/dev/gnu tools arm embedded/5.4 2016q3/bin/../lib/gcc/arm-none-eabi/5.4.1/../../../../arm-none-eabi/lib/armv6-m\libg_nano.a(lib_a-fstatr.o)
                0x08003354                _fstat_r
 .text._isatty_r
                0x08003378       0x24 c:/dev/gnu tools arm embedded/5.4 2016q3/bin/../lib/gcc/arm-none-eabi/5.4.1/../../../../arm-none-eabi/lib/armv6-m\libg_nano.a(lib_a-isattyr.o)
                0x08003378                _isatty_r
 .text._malloc_usable_size_r
                0x0800339c       0x16 c:/dev/gnu tools arm embedded/5.4 2016q3/bin/../lib/gcc/arm-none-eabi/5.4.1/../../../../arm-none-eabi/lib/armv6-m\libg_nano.a(lib_a-nano-msizer.o)
                0x0800339c                _malloc_usable_size_r
 *fill*         0x080033b2        0x2 
 .text          0x080033b4       0x14 c:/dev/gnu tools arm embedded/5.4 2016q3/bin/../lib/gcc/arm-none-eabi/5.4.1/armv6-m\libgcc.a(_thumb1_case_uqi.o)
                0x080033b4                __gnu_thumb1_case_uqi
 .text          0x080033c8      0x1d4 c:/dev/gnu tools arm embedded/5.4 2016q3/bin/../lib/gcc/arm-none-eabi/5.4.1/armv6-m\libgcc.a(_divsi3.o)
                0x080033c8                __divsi3
                0x080033c8                __aeabi_idiv
                0x08003594                __aeabi_idivmod
 .text          0x0800359c       0x7c c:/dev/gnu tools arm embedded/5.4 2016q3/bin/../lib/gcc/arm-none-eabi/5.4.1/armv6-m\libgcc.a(_arm_cmpdf2.o)
                0x0800359c                __aeabi_cdrcmple
                0x080035ac                __aeabi_cdcmple
                0x080035ac                __aeabi_cdcmpeq
                0x080035bc                __aeabi_dcmpeq
                0x080035c8                __aeabi_dcmplt
                0x080035dc                __aeabi_dcmple
                0x080035f0                __aeabi_dcmpgt
                0x08003604                __aeabi_dcmpge
 .text          0x08003618      0x658 c:/dev/gnu tools arm embedded/5.4 2016q3/bin/../lib/gcc/arm-none-eabi/5.4.1/armv6-m\libgcc.a(adddf3.o)
                0x08003618                __aeabi_dadd
 .text          0x08003c70      0x62c c:/dev/gnu tools arm embedded/5.4 2016q3/bin/../lib/gcc/arm-none-eabi/5.4.1/armv6-m\libgcc.a(divdf3.o)
                0x08003c70                __aeabi_ddiv
 .text          0x0800429c       0x80 c:/dev/gnu tools arm embedded/5.4 2016q3/bin/../lib/gcc/arm-none-eabi/5.4.1/armv6-m\libgcc.a(eqdf2.o)
                0x0800429c                __nedf2
                0x0800429c                __eqdf2
 .text          0x0800431c       0xc8 c:/dev/gnu tools arm embedded/5.4 2016q3/bin/../lib/gcc/arm-none-eabi/5.4.1/armv6-m\libgcc.a(gedf2.o)
                0x0800431c                __gedf2
                0x0800431c                __gtdf2
 .text          0x080043e4       0xd4 c:/dev/gnu tools arm embedded/5.4 2016q3/bin/../lib/gcc/arm-none-eabi/5.4.1/armv6-m\libgcc.a(ledf2.o)
                0x080043e4                __ledf2
                0x080043e4                __ltdf2
 .text          0x080044b8      0x4f4 c:/dev/gnu tools arm embedded/5.4 2016q3/bin/../lib/gcc/arm-none-eabi/5.4.1/armv6-m\libgcc.a(muldf3.o)
                0x080044b8                __aeabi_dmul
 .text          0x080049ac      0x6a8 c:/dev/gnu tools arm embedded/5.4 2016q3/bin/../lib/gcc/arm-none-eabi/5.4.1/armv6-m\libgcc.a(subdf3.o)
                0x080049ac                __aeabi_dsub
 .text          0x08005054       0x40 c:/dev/gnu tools arm embedded/5.4 2016q3/bin/../lib/gcc/arm-none-eabi/5.4.1/armv6-m\libgcc.a(unorddf2.o)
                0x08005054                __aeabi_dcmpun
 .text          0x08005094       0x6c c:/dev/gnu tools arm embedded/5.4 2016q3/bin/../lib/gcc/arm-none-eabi/5.4.1/armv6-m\libgcc.a(fixdfsi.o)
                0x08005094                __aeabi_d2iz
 .text          0x08005100       0x84 c:/dev/gnu tools arm embedded/5.4 2016q3/bin/../lib/gcc/arm-none-eabi/5.4.1/armv6-m\libgcc.a(floatsidf.o)
                0x08005100                __aeabi_i2d
 *(.rodata .rodata.* .constdata .constdata.*)
 .rodata.str1.4
                0x08005184       0xbd ./system/src/cortexm/exception_handlers.o
 *fill*         0x08005241        0x3 
 .rodata.str1.4
                0x08005244       0x28 ./src/main.o
 .rodata._global_impure_ptr
                0x0800526c        0x4 c:/dev/gnu tools arm embedded/5.4 2016q3/bin/../lib/gcc/arm-none-eabi/5.4.1/../../../../arm-none-eabi/lib/armv6-m\libg_nano.a(lib_a-impure.o)
                0x0800526c                _global_impure_ptr
 .rodata.str1.1
                0x08005270       0x12 c:/dev/gnu tools arm embedded/5.4 2016q3/bin/../lib/gcc/arm-none-eabi/5.4.1/../../../../arm-none-eabi/lib/armv6-m\libg_nano.a(lib_a-nano-vfprintf_float.o)
 .rodata.str1.1
                0x08005282       0x22 c:/dev/gnu tools arm embedded/5.4 2016q3/bin/../lib/gcc/arm-none-eabi/5.4.1/../../../../arm-none-eabi/lib/armv6-m\libg_nano.a(lib_a-nano-vfprintf_i.o)
 .rodata.str1.1
                0x080052a4        0xd c:/dev/gnu tools arm embedded/5.4 2016q3/bin/../lib/gcc/arm-none-eabi/5.4.1/../../../../arm-none-eabi/lib/armv6-m\libg_nano.a(lib_a-dtoa.o)
                                  0xf (size before relaxing)
 *fill*         0x080052b1        0x3 
 .rodata.__sf_fake_stdin
                0x080052b4       0x20 c:/dev/gnu tools arm embedded/5.4 2016q3/bin/../lib/gcc/arm-none-eabi/5.4.1/../../../../arm-none-eabi/lib/armv6-m\libg_nano.a(lib_a-findfp.o)
                0x080052b4                __sf_fake_stdin
 .rodata.__sf_fake_stdout
                0x080052d4       0x20 c:/dev/gnu tools arm embedded/5.4 2016q3/bin/../lib/gcc/arm-none-eabi/5.4.1/../../../../arm-none-eabi/lib/armv6-m\libg_nano.a(lib_a-findfp.o)
                0x080052d4                __sf_fake_stdout
 .rodata.__sf_fake_stderr
                0x080052f4       0x20 c:/dev/gnu tools arm embedded/5.4 2016q3/bin/../lib/gcc/arm-none-eabi/5.4.1/../../../../arm-none-eabi/lib/armv6-m\libg_nano.a(lib_a-findfp.o)
                0x080052f4                __sf_fake_stderr
 *fill*         0x08005314        0x4 
 .rodata.__mprec_tens
                0x08005318       0xc8 c:/dev/gnu tools arm embedded/5.4 2016q3/bin/../lib/gcc/arm-none-eabi/5.4.1/../../../../arm-none-eabi/lib/armv6-m\libg_nano.a(lib_a-mprec.o)
                0x08005318                __mprec_tens
 .rodata.__mprec_bigtens
                0x080053e0       0x28 c:/dev/gnu tools arm embedded/5.4 2016q3/bin/../lib/gcc/arm-none-eabi/5.4.1/../../../../arm-none-eabi/lib/armv6-m\libg_nano.a(lib_a-mprec.o)
                0x080053e0                __mprec_bigtens
 .rodata.p05.6097
                0x08005408        0xc c:/dev/gnu tools arm embedded/5.4 2016q3/bin/../lib/gcc/arm-none-eabi/5.4.1/../../../../arm-none-eabi/lib/armv6-m\libg_nano.a(lib_a-mprec.o)
 .rodata.str1.1
                0x08005414       0x11 c:/dev/gnu tools arm embedded/5.4 2016q3/bin/../lib/gcc/arm-none-eabi/5.4.1/../../../../arm-none-eabi/lib/armv6-m\libg_nano.a(lib_a-nano-svfprintf.o)
 .rodata.str1.1
                0x08005425       0x11 c:/dev/gnu tools arm embedded/5.4 2016q3/bin/../lib/gcc/arm-none-eabi/5.4.1/../../../../arm-none-eabi/lib/armv6-m\libg_nano.a(lib_a-nano-vfprintf.o)
 .rodata.str1.1
                0x08005425        0xa c:/dev/gnu tools arm embedded/5.4 2016q3/bin/../lib/gcc/arm-none-eabi/5.4.1/../../../../arm-none-eabi/lib/armv6-m\libg_nano.a(lib_a-locale.o)
                                  0xb (size before relaxing)
 .rodata._ctype_
                0x0800542f      0x101 c:/dev/gnu tools arm embedded/5.4 2016q3/bin/../lib/gcc/arm-none-eabi/5.4.1/../../../../arm-none-eabi/lib/armv6-m\libg_nano.a(lib_a-ctype_.o)
                0x0800542f                _ctype_
 .rodata        0x08005530       0x40 c:/dev/gnu tools arm embedded/5.4 2016q3/bin/../lib/gcc/arm-none-eabi/5.4.1/armv6-m\libgcc.a(divdf3.o)
 .rodata        0x08005570       0x40 c:/dev/gnu tools arm embedded/5.4 2016q3/bin/../lib/gcc/arm-none-eabi/5.4.1/armv6-m\libgcc.a(muldf3.o)
 *(vtable)
 *(.eh_frame*)
 *(.glue_7)
 .glue_7        0x080055b0        0x0 linker stubs
 *(.glue_7t)
 .glue_7t       0x080055b0        0x0 linker stubs

.vfp11_veneer   0x080055b0        0x0
 .vfp11_veneer  0x080055b0        0x0 linker stubs

.v4_bx          0x080055b0        0x0
 .v4_bx         0x080055b0        0x0 linker stubs

.iplt           0x080055b0        0x0
 .iplt          0x080055b0        0x0 ./system/src/stm32f0-stdperiph/stm32f0xx_gpio.o

.rel.dyn        0x080055b0        0x0
 .rel.iplt      0x080055b0        0x0 ./system/src/stm32f0-stdperiph/stm32f0xx_gpio.o

.ARM.extab
 *(.ARM.extab* .gnu.linkonce.armextab.*)
                0x080055b0                . = ALIGN (0x4)
                0x080055b0                __exidx_start = .

.ARM.exidx
 *(.ARM.exidx* .gnu.linkonce.armexidx.*)
                0x080055b0                __exidx_end = .
                0x080055b0                . = ALIGN (0x4)
                0x080055b0                _etext = .
                0x080055b0                __etext = .

.data_CCMRAM    0x00000000        0x0 load address 0x080055b0
 FILL mask 0xff
 *(.data.CCMRAM .data.CCMRAM.*)
                0x00000000                . = ALIGN (0x4)
                0x080055b0                _sidata = LOADADDR (.data)

.data           0x20000000      0x1f4 load address 0x080055b0
 FILL mask 0xff
                0x20000000                _sdata = .
                0x20000000                __data_start__ = .
 *(.data_begin .data_begin.*)
 .data_begin    0x20000000        0x4 ./system/src/newlib/_startup.o
 *(.data .data.*)
 .data.argv.4770
                0x20000004        0x8 ./system/src/newlib/_syscalls.o
 .data.AHBPrescTable
                0x2000000c       0x10 ./system/src/cmsis/system_stm32f0xx.o
                0x2000000c                AHBPrescTable
 .data.SystemCoreClock
                0x2000001c        0x4 ./system/src/cmsis/system_stm32f0xx.o
                0x2000001c                SystemCoreClock
 .data.impure_data
                0x20000020       0x60 c:/dev/gnu tools arm embedded/5.4 2016q3/bin/../lib/gcc/arm-none-eabi/5.4.1/../../../../arm-none-eabi/lib/armv6-m\libg_nano.a(lib_a-impure.o)
 .data._impure_ptr
                0x20000080        0x4 c:/dev/gnu tools arm embedded/5.4 2016q3/bin/../lib/gcc/arm-none-eabi/5.4.1/../../../../arm-none-eabi/lib/armv6-m\libg_nano.a(lib_a-impure.o)
                0x20000080                _impure_ptr
 .data.__global_locale
                0x20000084      0x16c c:/dev/gnu tools arm embedded/5.4 2016q3/bin/../lib/gcc/arm-none-eabi/5.4.1/../../../../arm-none-eabi/lib/armv6-m\libg_nano.a(lib_a-locale.o)
                0x20000084                __global_locale
 *(.data_end .data_end.*)
 .data_end      0x200001f0        0x4 ./system/src/newlib/_startup.o
                0x200001f4                . = ALIGN (0x4)
                0x200001f4                _edata = .
                0x200001f4                __data_end__ = .

.igot.plt       0x200001f4        0x0 load address 0x080057a4
 .igot.plt      0x200001f4        0x0 ./system/src/stm32f0-stdperiph/stm32f0xx_gpio.o

.bss_CCMRAM     0x00000000        0x0
 *(.bss.CCMRAM .bss.CCMRAM.*)

.bss            0x200001f4       0xa0
                0x200001f4                __bss_start__ = .
                0x200001f4                _sbss = .
 *(.bss_begin .bss_begin.*)
 .bss_begin     0x200001f4        0x4 ./system/src/newlib/_startup.o
 *(.bss .bss.*)
 .bss.current_heap_end.4454
                0x200001f8        0x4 ./system/src/newlib/_sbrk.o
 .bss.name.4769
                0x200001fc        0x1 ./system/src/newlib/_syscalls.o
 *fill*         0x200001fd        0x3 
 .bss.buf.5659  0x20000200       0x80 ./system/src/diag/Trace.o
 .bss.__malloc_sbrk_start
                0x20000280        0x4 c:/dev/gnu tools arm embedded/5.4 2016q3/bin/../lib/gcc/arm-none-eabi/5.4.1/../../../../arm-none-eabi/lib/armv6-m\libg_nano.a(lib_a-nano-mallocr.o)
                0x20000280                __malloc_sbrk_start
 .bss.__malloc_free_list
                0x20000284        0x4 c:/dev/gnu tools arm embedded/5.4 2016q3/bin/../lib/gcc/arm-none-eabi/5.4.1/../../../../arm-none-eabi/lib/armv6-m\libg_nano.a(lib_a-nano-mallocr.o)
                0x20000284                __malloc_free_list
 *(COMMON)
 COMMON         0x20000288        0x4 ./system/src/newlib/_syscalls.o
                0x20000288                errno
 COMMON         0x2000028c        0x4 ./src/main.o
                0x2000028c                CF
 *(.bss_end .bss_end.*)
 .bss_end       0x20000290        0x4 ./system/src/newlib/_startup.o
                0x20000294                . = ALIGN (0x4)
                0x20000294                __bss_end__ = .
                0x20000294                _ebss = .

.noinit_CCMRAM
 *(.noinit.CCMRAM .noinit.CCMRAM.*)

.noinit         0x20000294        0x0
                0x20000294                _noinit = .
 *(.noinit .noinit.*)
                0x20000294                . = ALIGN (0x4)
                0x20000294                _end_noinit = .
                [!provide]                PROVIDE (end, _end_noinit)
                [!provide]                PROVIDE (_end, _end_noinit)
                [!provide]                PROVIDE (__end, _end_noinit)
                [!provide]                PROVIDE (__end__, _end_noinit)

._check_stack   0x20000294      0x100
                0x20000394                . = (. + _Minimum_Stack_Size)
 *fill*         0x20000294      0x100 

.b1text
 *(.b1text)
 *(.b1rodata)
 *(.b1rodata.*)

.eb0text
 *(.eb0text)
 *(.eb0rodata)
 *(.eb0rodata.*)

.eb1text
 *(.eb1text)
 *(.eb1rodata)
 *(.eb1rodata.*)

.eb2text
 *(.eb2text)
 *(.eb2rodata)
 *(.eb2rodata.*)

.eb3text
 *(.eb3text)
 *(.eb3rodata)
 *(.eb3rodata.*)

.stab
 *(.stab)

.stabstr
 *(.stabstr)

.stab.excl
 *(.stab.excl)

.stab.exclstr
 *(.stab.exclstr)

.stab.index
 *(.stab.index)

.stab.indexstr
 *(.stab.indexstr)

.comment        0x00000000       0x6e
 *(.comment)
 .comment       0x00000000       0x6e ./system/src/newlib/_exit.o
                                 0x6f (size before relaxing)
 .comment       0x0000006e       0x6f ./system/src/newlib/_sbrk.o
 .comment       0x0000006e       0x6f ./system/src/newlib/_startup.o
 .comment       0x0000006e       0x6f ./system/src/newlib/_syscalls.o
 .comment       0x0000006e       0x6f ./system/src/diag/Trace.o
 .comment       0x0000006e       0x6f ./system/src/diag/trace_impl.o
 .comment       0x0000006e       0x6f ./system/src/cortexm/_initialize_hardware.o
 .comment       0x0000006e       0x6f ./system/src/cortexm/exception_handlers.o
 .comment       0x0000006e       0x6f ./system/src/cmsis/system_stm32f0xx.o
 .comment       0x0000006e       0x6f ./system/src/cmsis/vectors_stm32f0xx.o
 .comment       0x0000006e       0x6f ./src/_write.o
 .comment       0x0000006e       0x6f ./src/main.o

.ARM.attributes
                0x00000000       0x2f
 .ARM.attributes
                0x00000000       0x31 ./system/src/newlib/_exit.o
 .ARM.attributes
                0x00000031       0x31 ./system/src/newlib/_sbrk.o
 .ARM.attributes
                0x00000062       0x31 ./system/src/newlib/_startup.o
 .ARM.attributes
                0x00000093       0x31 ./system/src/newlib/_syscalls.o
 .ARM.attributes
                0x000000c4       0x31 ./system/src/diag/Trace.o
 .ARM.attributes
                0x000000f5       0x31 ./system/src/diag/trace_impl.o
 .ARM.attributes
                0x00000126       0x31 ./system/src/cortexm/_initialize_hardware.o
 .ARM.attributes
                0x00000157       0x31 ./system/src/cortexm/exception_handlers.o
 .ARM.attributes
                0x00000188       0x31 ./system/src/cmsis/system_stm32f0xx.o
 .ARM.attributes
                0x000001b9       0x31 ./system/src/cmsis/vectors_stm32f0xx.o
 .ARM.attributes
                0x000001ea       0x31 ./src/_write.o
 .ARM.attributes
                0x0000021b       0x31 ./src/main.o
 .ARM.attributes
                0x0000024c       0x1e c:/dev/gnu tools arm embedded/5.4 2016q3/bin/../lib/gcc/arm-none-eabi/5.4.1/armv6-m\libgcc.a(_udivsi3.o)
 .ARM.attributes
                0x0000026a       0x1e c:/dev/gnu tools arm embedded/5.4 2016q3/bin/../lib/gcc/arm-none-eabi/5.4.1/armv6-m\libgcc.a(_dvmd_tls.o)
 .ARM.attributes
                0x00000288       0x2c c:/dev/gnu tools arm embedded/5.4 2016q3/bin/../lib/gcc/arm-none-eabi/5.4.1/armv6-m\libgcc.a(floatunsidf.o)
 .ARM.attributes
                0x000002b4       0x1e c:/dev/gnu tools arm embedded/5.4 2016q3/bin/../lib/gcc/arm-none-eabi/5.4.1/armv6-m\libgcc.a(_clzsi2.o)
 .ARM.attributes
                0x000002d2       0x2c c:/dev/gnu tools arm embedded/5.4 2016q3/bin/../lib/gcc/arm-none-eabi/5.4.1/../../../../arm-none-eabi/lib/armv6-m\libg_nano.a(lib_a-errno.o)
 .ARM.attributes
                0x000002fe       0x2c c:/dev/gnu tools arm embedded/5.4 2016q3/bin/../lib/gcc/arm-none-eabi/5.4.1/../../../../arm-none-eabi/lib/armv6-m\libg_nano.a(lib_a-impure.o)
 .ARM.attributes
                0x0000032a       0x2c c:/dev/gnu tools arm embedded/5.4 2016q3/bin/../lib/gcc/arm-none-eabi/5.4.1/../../../../arm-none-eabi/lib/armv6-m\libg_nano.a(lib_a-nano-vfprintf_float.o)
 .ARM.attributes
                0x00000356       0x2c c:/dev/gnu tools arm embedded/5.4 2016q3/bin/../lib/gcc/arm-none-eabi/5.4.1/../../../../arm-none-eabi/lib/armv6-m\libg_nano.a(lib_a-nano-vfprintf_i.o)
 .ARM.attributes
                0x00000382       0x2c c:/dev/gnu tools arm embedded/5.4 2016q3/bin/../lib/gcc/arm-none-eabi/5.4.1/../../../../arm-none-eabi/lib/armv6-m\libg_nano.a(lib_a-printf.o)
 .ARM.attributes
                0x000003ae       0x1c c:/dev/gnu tools arm embedded/5.4 2016q3/bin/../lib/gcc/arm-none-eabi/5.4.1/../../../../arm-none-eabi/lib/armv6-m\libg_nano.a(lib_a-strlen.o)
 .ARM.attributes
                0x000003ca       0x2c c:/dev/gnu tools arm embedded/5.4 2016q3/bin/../lib/gcc/arm-none-eabi/5.4.1/../../../../arm-none-eabi/lib/armv6-m\libg_nano.a(lib_a-vsnprintf.o)
 .ARM.attributes
                0x000003f6       0x2c c:/dev/gnu tools arm embedded/5.4 2016q3/bin/../lib/gcc/arm-none-eabi/5.4.1/../../../../arm-none-eabi/lib/armv6-m\libg_nano.a(lib_a-dtoa.o)
 .ARM.attributes
                0x00000422       0x2c c:/dev/gnu tools arm embedded/5.4 2016q3/bin/../lib/gcc/arm-none-eabi/5.4.1/../../../../arm-none-eabi/lib/armv6-m\libg_nano.a(lib_a-findfp.o)
 .ARM.attributes
                0x0000044e       0x2c c:/dev/gnu tools arm embedded/5.4 2016q3/bin/../lib/gcc/arm-none-eabi/5.4.1/../../../../arm-none-eabi/lib/armv6-m\libg_nano.a(lib_a-fwalk.o)
 .ARM.attributes
                0x0000047a       0x2c c:/dev/gnu tools arm embedded/5.4 2016q3/bin/../lib/gcc/arm-none-eabi/5.4.1/../../../../arm-none-eabi/lib/armv6-m\libg_nano.a(lib_a-localeconv.o)
 .ARM.attributes
                0x000004a6       0x2c c:/dev/gnu tools arm embedded/5.4 2016q3/bin/../lib/gcc/arm-none-eabi/5.4.1/../../../../arm-none-eabi/lib/armv6-m\libg_nano.a(lib_a-malloc.o)
 .ARM.attributes
                0x000004d2       0x2c c:/dev/gnu tools arm embedded/5.4 2016q3/bin/../lib/gcc/arm-none-eabi/5.4.1/../../../../arm-none-eabi/lib/armv6-m\libg_nano.a(lib_a-memchr-stub.o)
 .ARM.attributes
                0x000004fe       0x2c c:/dev/gnu tools arm embedded/5.4 2016q3/bin/../lib/gcc/arm-none-eabi/5.4.1/../../../../arm-none-eabi/lib/armv6-m\libg_nano.a(lib_a-memcpy-stub.o)
 .ARM.attributes
                0x0000052a       0x2c c:/dev/gnu tools arm embedded/5.4 2016q3/bin/../lib/gcc/arm-none-eabi/5.4.1/../../../../arm-none-eabi/lib/armv6-m\libg_nano.a(lib_a-memset.o)
 .ARM.attributes
                0x00000556       0x2c c:/dev/gnu tools arm embedded/5.4 2016q3/bin/../lib/gcc/arm-none-eabi/5.4.1/../../../../arm-none-eabi/lib/armv6-m\libg_nano.a(lib_a-mprec.o)
 .ARM.attributes
                0x00000582       0x2c c:/dev/gnu tools arm embedded/5.4 2016q3/bin/../lib/gcc/arm-none-eabi/5.4.1/../../../../arm-none-eabi/lib/armv6-m\libg_nano.a(lib_a-nano-callocr.o)
 .ARM.attributes
                0x000005ae       0x2c c:/dev/gnu tools arm embedded/5.4 2016q3/bin/../lib/gcc/arm-none-eabi/5.4.1/../../../../arm-none-eabi/lib/armv6-m\libg_nano.a(lib_a-nano-freer.o)
 .ARM.attributes
                0x000005da       0x2c c:/dev/gnu tools arm embedded/5.4 2016q3/bin/../lib/gcc/arm-none-eabi/5.4.1/../../../../arm-none-eabi/lib/armv6-m\libg_nano.a(lib_a-nano-mallocr.o)
 .ARM.attributes
                0x00000606       0x2c c:/dev/gnu tools arm embedded/5.4 2016q3/bin/../lib/gcc/arm-none-eabi/5.4.1/../../../../arm-none-eabi/lib/armv6-m\libg_nano.a(lib_a-nano-svfprintf.o)
 .ARM.attributes
                0x00000632       0x2c c:/dev/gnu tools arm embedded/5.4 2016q3/bin/../lib/gcc/arm-none-eabi/5.4.1/../../../../arm-none-eabi/lib/armv6-m\libg_nano.a(lib_a-nano-vfprintf.o)
 .ARM.attributes
                0x0000065e       0x2c c:/dev/gnu tools arm embedded/5.4 2016q3/bin/../lib/gcc/arm-none-eabi/5.4.1/../../../../arm-none-eabi/lib/armv6-m\libg_nano.a(lib_a-sbrkr.o)
 .ARM.attributes
                0x0000068a       0x2c c:/dev/gnu tools arm embedded/5.4 2016q3/bin/../lib/gcc/arm-none-eabi/5.4.1/../../../../arm-none-eabi/lib/armv6-m\libg_nano.a(lib_a-stdio.o)
 .ARM.attributes
                0x000006b6       0x2c c:/dev/gnu tools arm embedded/5.4 2016q3/bin/../lib/gcc/arm-none-eabi/5.4.1/../../../../arm-none-eabi/lib/armv6-m\libg_nano.a(lib_a-wbuf.o)
 .ARM.attributes
                0x000006e2       0x2c c:/dev/gnu tools arm embedded/5.4 2016q3/bin/../lib/gcc/arm-none-eabi/5.4.1/../../../../arm-none-eabi/lib/armv6-m\libg_nano.a(lib_a-writer.o)
 .ARM.attributes
                0x0000070e       0x2c c:/dev/gnu tools arm embedded/5.4 2016q3/bin/../lib/gcc/arm-none-eabi/5.4.1/../../../../arm-none-eabi/lib/armv6-m\libg_nano.a(lib_a-wsetup.o)
 .ARM.attributes
                0x0000073a       0x2c c:/dev/gnu tools arm embedded/5.4 2016q3/bin/../lib/gcc/arm-none-eabi/5.4.1/../../../../arm-none-eabi/lib/armv6-m\libg_nano.a(lib_a-closer.o)
 .ARM.attributes
                0x00000766       0x2c c:/dev/gnu tools arm embedded/5.4 2016q3/bin/../lib/gcc/arm-none-eabi/5.4.1/../../../../arm-none-eabi/lib/armv6-m\libg_nano.a(lib_a-fflush.o)
 .ARM.attributes
                0x00000792       0x2c c:/dev/gnu tools arm embedded/5.4 2016q3/bin/../lib/gcc/arm-none-eabi/5.4.1/../../../../arm-none-eabi/lib/armv6-m\libg_nano.a(lib_a-locale.o)
 .ARM.attributes
                0x000007be       0x2c c:/dev/gnu tools arm embedded/5.4 2016q3/bin/../lib/gcc/arm-none-eabi/5.4.1/../../../../arm-none-eabi/lib/armv6-m\libg_nano.a(lib_a-lseekr.o)
 .ARM.attributes
                0x000007ea       0x2c c:/dev/gnu tools arm embedded/5.4 2016q3/bin/../lib/gcc/arm-none-eabi/5.4.1/../../../../arm-none-eabi/lib/armv6-m\libg_nano.a(lib_a-makebuf.o)
 .ARM.attributes
                0x00000816       0x2c c:/dev/gnu tools arm embedded/5.4 2016q3/bin/../lib/gcc/arm-none-eabi/5.4.1/../../../../arm-none-eabi/lib/armv6-m\libg_nano.a(lib_a-mbtowc_r.o)
 .ARM.attributes
                0x00000842       0x2c c:/dev/gnu tools arm embedded/5.4 2016q3/bin/../lib/gcc/arm-none-eabi/5.4.1/../../../../arm-none-eabi/lib/armv6-m\libg_nano.a(lib_a-memmove.o)
 .ARM.attributes
                0x0000086e       0x2c c:/dev/gnu tools arm embedded/5.4 2016q3/bin/../lib/gcc/arm-none-eabi/5.4.1/../../../../arm-none-eabi/lib/armv6-m\libg_nano.a(lib_a-mlock.o)
 .ARM.attributes
                0x0000089a       0x2c c:/dev/gnu tools arm embedded/5.4 2016q3/bin/../lib/gcc/arm-none-eabi/5.4.1/../../../../arm-none-eabi/lib/armv6-m\libg_nano.a(lib_a-nano-reallocr.o)
 .ARM.attributes
                0x000008c6       0x2c c:/dev/gnu tools arm embedded/5.4 2016q3/bin/../lib/gcc/arm-none-eabi/5.4.1/../../../../arm-none-eabi/lib/armv6-m\libg_nano.a(lib_a-readr.o)
 .ARM.attributes
                0x000008f2       0x2c c:/dev/gnu tools arm embedded/5.4 2016q3/bin/../lib/gcc/arm-none-eabi/5.4.1/../../../../arm-none-eabi/lib/armv6-m\libg_nano.a(lib_a-wctomb_r.o)
 .ARM.attributes
                0x0000091e       0x2c c:/dev/gnu tools arm embedded/5.4 2016q3/bin/../lib/gcc/arm-none-eabi/5.4.1/../../../../arm-none-eabi/lib/armv6-m\libg_nano.a(lib_a-ctype_.o)
 .ARM.attributes
                0x0000094a       0x2c c:/dev/gnu tools arm embedded/5.4 2016q3/bin/../lib/gcc/arm-none-eabi/5.4.1/../../../../arm-none-eabi/lib/armv6-m\libg_nano.a(lib_a-fstatr.o)
 .ARM.attributes
                0x00000976       0x2c c:/dev/gnu tools arm embedded/5.4 2016q3/bin/../lib/gcc/arm-none-eabi/5.4.1/../../../../arm-none-eabi/lib/armv6-m\libg_nano.a(lib_a-isattyr.o)
 .ARM.attributes
                0x000009a2       0x2c c:/dev/gnu tools arm embedded/5.4 2016q3/bin/../lib/gcc/arm-none-eabi/5.4.1/../../../../arm-none-eabi/lib/armv6-m\libg_nano.a(lib_a-nano-msizer.o)
 .ARM.attributes
                0x000009ce       0x1e c:/dev/gnu tools arm embedded/5.4 2016q3/bin/../lib/gcc/arm-none-eabi/5.4.1/armv6-m\libgcc.a(_thumb1_case_uqi.o)
 .ARM.attributes
                0x000009ec       0x1e c:/dev/gnu tools arm embedded/5.4 2016q3/bin/../lib/gcc/arm-none-eabi/5.4.1/armv6-m\libgcc.a(_divsi3.o)
 .ARM.attributes
                0x00000a0a       0x1e c:/dev/gnu tools arm embedded/5.4 2016q3/bin/../lib/gcc/arm-none-eabi/5.4.1/armv6-m\libgcc.a(_arm_cmpdf2.o)
 .ARM.attributes
                0x00000a28       0x2c c:/dev/gnu tools arm embedded/5.4 2016q3/bin/../lib/gcc/arm-none-eabi/5.4.1/armv6-m\libgcc.a(adddf3.o)
 .ARM.attributes
                0x00000a54       0x2c c:/dev/gnu tools arm embedded/5.4 2016q3/bin/../lib/gcc/arm-none-eabi/5.4.1/armv6-m\libgcc.a(divdf3.o)
 .ARM.attributes
                0x00000a80       0x2c c:/dev/gnu tools arm embedded/5.4 2016q3/bin/../lib/gcc/arm-none-eabi/5.4.1/armv6-m\libgcc.a(eqdf2.o)
 .ARM.attributes
                0x00000aac       0x2c c:/dev/gnu tools arm embedded/5.4 2016q3/bin/../lib/gcc/arm-none-eabi/5.4.1/armv6-m\libgcc.a(gedf2.o)
 .ARM.attributes
                0x00000ad8       0x2c c:/dev/gnu tools arm embedded/5.4 2016q3/bin/../lib/gcc/arm-none-eabi/5.4.1/armv6-m\libgcc.a(ledf2.o)
 .ARM.attributes
                0x00000b04       0x2c c:/dev/gnu tools arm embedded/5.4 2016q3/bin/../lib/gcc/arm-none-eabi/5.4.1/armv6-m\libgcc.a(muldf3.o)
 .ARM.attributes
                0x00000b30       0x2c c:/dev/gnu tools arm embedded/5.4 2016q3/bin/../lib/gcc/arm-none-eabi/5.4.1/armv6-m\libgcc.a(subdf3.o)
 .ARM.attributes
                0x00000b5c       0x2c c:/dev/gnu tools arm embedded/5.4 2016q3/bin/../lib/gcc/arm-none-eabi/5.4.1/armv6-m\libgcc.a(unorddf2.o)
 .ARM.attributes
                0x00000b88       0x2c c:/dev/gnu tools arm embedded/5.4 2016q3/bin/../lib/gcc/arm-none-eabi/5.4.1/armv6-m\libgcc.a(fixdfsi.o)
 .ARM.attributes
                0x00000bb4       0x2c c:/dev/gnu tools arm embedded/5.4 2016q3/bin/../lib/gcc/arm-none-eabi/5.4.1/armv6-m\libgcc.a(floatsidf.o)

.debug
 *(.debug)

.line
 *(.line)

.debug_srcinfo
 *(.debug_srcinfo)

.debug_sfnames
 *(.debug_sfnames)

.debug_aranges  0x00000000      0x2e8
 *(.debug_aranges)
 .debug_aranges
                0x00000000       0x28 ./system/src/newlib/_exit.o
 .debug_aranges
                0x00000028       0x20 ./system/src/newlib/_sbrk.o
 .debug_aranges
                0x00000048       0x40 ./system/src/newlib/_startup.o
 .debug_aranges
                0x00000088       0xd0 ./system/src/newlib/_syscalls.o
 .debug_aranges
                0x00000158       0x38 ./system/src/diag/Trace.o
 .debug_aranges
                0x00000190       0x30 ./system/src/diag/trace_impl.o
 .debug_aranges
                0x000001c0       0x28 ./system/src/cortexm/_initialize_hardware.o
 .debug_aranges
                0x000001e8       0x58 ./system/src/cortexm/exception_handlers.o
 .debug_aranges
                0x00000240       0x30 ./system/src/cmsis/system_stm32f0xx.o
 .debug_aranges
                0x00000270       0x20 ./system/src/cmsis/vectors_stm32f0xx.o
 .debug_aranges
                0x00000290       0x20 ./src/_write.o
 .debug_aranges
                0x000002b0       0x38 ./src/main.o

.debug_pubnames
 *(.debug_pubnames)

.debug_info     0x00000000     0x2338
 *(.debug_info .gnu.linkonce.wi.*)
 .debug_info    0x00000000       0xef ./system/src/newlib/_exit.o
 .debug_info    0x000000ef      0x11f ./system/src/newlib/_sbrk.o
 .debug_info    0x0000020e      0x460 ./system/src/newlib/_startup.o
 .debug_info    0x0000066e      0x988 ./system/src/newlib/_syscalls.o
 .debug_info    0x00000ff6      0x2e7 ./system/src/diag/Trace.o
 .debug_info    0x000012dd      0x2eb ./system/src/diag/trace_impl.o
 .debug_info    0x000015c8       0xcb ./system/src/cortexm/_initialize_hardware.o
 .debug_info    0x00001693      0x332 ./system/src/cortexm/exception_handlers.o
 .debug_info    0x000019c5      0x317 ./system/src/cmsis/system_stm32f0xx.o
 .debug_info    0x00001cdc       0xd1 ./system/src/cmsis/vectors_stm32f0xx.o
 .debug_info    0x00001dad      0x132 ./src/_write.o
 .debug_info    0x00001edf      0x459 ./src/main.o

.debug_abbrev   0x00000000      0xd30
 *(.debug_abbrev)
 .debug_abbrev  0x00000000       0x8e ./system/src/newlib/_exit.o
 .debug_abbrev  0x0000008e       0xb9 ./system/src/newlib/_sbrk.o
 .debug_abbrev  0x00000147      0x1ac ./system/src/newlib/_startup.o
 .debug_abbrev  0x000002f3      0x169 ./system/src/newlib/_syscalls.o
 .debug_abbrev  0x0000045c      0x156 ./system/src/diag/Trace.o
 .debug_abbrev  0x000005b2      0x1ae ./system/src/diag/trace_impl.o
 .debug_abbrev  0x00000760       0x63 ./system/src/cortexm/_initialize_hardware.o
 .debug_abbrev  0x000007c3      0x15c ./system/src/cortexm/exception_handlers.o
 .debug_abbrev  0x0000091f      0x148 ./system/src/cmsis/system_stm32f0xx.o
 .debug_abbrev  0x00000a67       0x9d ./system/src/cmsis/vectors_stm32f0xx.o
 .debug_abbrev  0x00000b04       0xb9 ./src/_write.o
 .debug_abbrev  0x00000bbd      0x173 ./src/main.o

.debug_line     0x00000000     0x3217
 *(.debug_line)
 .debug_line    0x00000000      0x2fd ./system/src/newlib/_exit.o
 .debug_line    0x000002fd      0x2ad ./system/src/newlib/_sbrk.o
 .debug_line    0x000005aa      0x36d ./system/src/newlib/_startup.o
 .debug_line    0x00000917      0x522 ./system/src/newlib/_syscalls.o
 .debug_line    0x00000e39      0x36c ./system/src/diag/Trace.o
 .debug_line    0x000011a5      0x5f8 ./system/src/diag/trace_impl.o
 .debug_line    0x0000179d      0x488 ./system/src/cortexm/_initialize_hardware.o
 .debug_line    0x00001c25      0x647 ./system/src/cortexm/exception_handlers.o
 .debug_line    0x0000226c      0x4c6 ./system/src/cmsis/system_stm32f0xx.o
 .debug_line    0x00002732      0x209 ./system/src/cmsis/vectors_stm32f0xx.o
 .debug_line    0x0000293b      0x2d4 ./src/_write.o
 .debug_line    0x00002c0f      0x608 ./src/main.o

.debug_frame    0x00000000     0x1524
 *(.debug_frame)
 .debug_frame   0x00000000       0x38 ./system/src/newlib/_exit.o
 .debug_frame   0x00000038       0x28 ./system/src/newlib/_sbrk.o
 .debug_frame   0x00000060       0x80 ./system/src/newlib/_startup.o
 .debug_frame   0x000000e0      0x230 ./system/src/newlib/_syscalls.o
 .debug_frame   0x00000310       0x78 ./system/src/diag/Trace.o
 .debug_frame   0x00000388       0x60 ./system/src/diag/trace_impl.o
 .debug_frame   0x000003e8       0x40 ./system/src/cortexm/_initialize_hardware.o
 .debug_frame   0x00000428       0xb0 ./system/src/cortexm/exception_handlers.o
 .debug_frame   0x000004d8       0x54 ./system/src/cmsis/system_stm32f0xx.o
 .debug_frame   0x0000052c       0x20 ./system/src/cmsis/vectors_stm32f0xx.o
 .debug_frame   0x0000054c       0x28 ./src/_write.o
 .debug_frame   0x00000574       0x60 ./src/main.o
 .debug_frame   0x000005d4       0x20 c:/dev/gnu tools arm embedded/5.4 2016q3/bin/../lib/gcc/arm-none-eabi/5.4.1/armv6-m\libgcc.a(_udivsi3.o)
 .debug_frame   0x000005f4       0x2c c:/dev/gnu tools arm embedded/5.4 2016q3/bin/../lib/gcc/arm-none-eabi/5.4.1/armv6-m\libgcc.a(floatunsidf.o)
 .debug_frame   0x00000620       0x20 c:/dev/gnu tools arm embedded/5.4 2016q3/bin/../lib/gcc/arm-none-eabi/5.4.1/../../../../arm-none-eabi/lib/armv6-m\libg_nano.a(lib_a-errno.o)
 .debug_frame   0x00000640       0x74 c:/dev/gnu tools arm embedded/5.4 2016q3/bin/../lib/gcc/arm-none-eabi/5.4.1/../../../../arm-none-eabi/lib/armv6-m\libg_nano.a(lib_a-nano-vfprintf_float.o)
 .debug_frame   0x000006b4       0x54 c:/dev/gnu tools arm embedded/5.4 2016q3/bin/../lib/gcc/arm-none-eabi/5.4.1/../../../../arm-none-eabi/lib/armv6-m\libg_nano.a(lib_a-nano-vfprintf_i.o)
 .debug_frame   0x00000708       0x50 c:/dev/gnu tools arm embedded/5.4 2016q3/bin/../lib/gcc/arm-none-eabi/5.4.1/../../../../arm-none-eabi/lib/armv6-m\libg_nano.a(lib_a-printf.o)
 .debug_frame   0x00000758       0x48 c:/dev/gnu tools arm embedded/5.4 2016q3/bin/../lib/gcc/arm-none-eabi/5.4.1/../../../../arm-none-eabi/lib/armv6-m\libg_nano.a(lib_a-vsnprintf.o)
 .debug_frame   0x000007a0       0x54 c:/dev/gnu tools arm embedded/5.4 2016q3/bin/../lib/gcc/arm-none-eabi/5.4.1/../../../../arm-none-eabi/lib/armv6-m\libg_nano.a(lib_a-dtoa.o)
 .debug_frame   0x000007f4      0x140 c:/dev/gnu tools arm embedded/5.4 2016q3/bin/../lib/gcc/arm-none-eabi/5.4.1/../../../../arm-none-eabi/lib/armv6-m\libg_nano.a(lib_a-findfp.o)
 .debug_frame   0x00000934       0x58 c:/dev/gnu tools arm embedded/5.4 2016q3/bin/../lib/gcc/arm-none-eabi/5.4.1/../../../../arm-none-eabi/lib/armv6-m\libg_nano.a(lib_a-fwalk.o)
 .debug_frame   0x0000098c       0x40 c:/dev/gnu tools arm embedded/5.4 2016q3/bin/../lib/gcc/arm-none-eabi/5.4.1/../../../../arm-none-eabi/lib/armv6-m\libg_nano.a(lib_a-localeconv.o)
 .debug_frame   0x000009cc       0x40 c:/dev/gnu tools arm embedded/5.4 2016q3/bin/../lib/gcc/arm-none-eabi/5.4.1/../../../../arm-none-eabi/lib/armv6-m\libg_nano.a(lib_a-malloc.o)
 .debug_frame   0x00000a0c       0x20 c:/dev/gnu tools arm embedded/5.4 2016q3/bin/../lib/gcc/arm-none-eabi/5.4.1/../../../../arm-none-eabi/lib/armv6-m\libg_nano.a(lib_a-memchr-stub.o)
 .debug_frame   0x00000a2c       0x28 c:/dev/gnu tools arm embedded/5.4 2016q3/bin/../lib/gcc/arm-none-eabi/5.4.1/../../../../arm-none-eabi/lib/armv6-m\libg_nano.a(lib_a-memcpy-stub.o)
 .debug_frame   0x00000a54       0x20 c:/dev/gnu tools arm embedded/5.4 2016q3/bin/../lib/gcc/arm-none-eabi/5.4.1/../../../../arm-none-eabi/lib/armv6-m\libg_nano.a(lib_a-memset.o)
 .debug_frame   0x00000a74      0x238 c:/dev/gnu tools arm embedded/5.4 2016q3/bin/../lib/gcc/arm-none-eabi/5.4.1/../../../../arm-none-eabi/lib/armv6-m\libg_nano.a(lib_a-mprec.o)
 .debug_frame   0x00000cac       0x2c c:/dev/gnu tools arm embedded/5.4 2016q3/bin/../lib/gcc/arm-none-eabi/5.4.1/../../../../arm-none-eabi/lib/armv6-m\libg_nano.a(lib_a-nano-callocr.o)
 .debug_frame   0x00000cd8       0x2c c:/dev/gnu tools arm embedded/5.4 2016q3/bin/../lib/gcc/arm-none-eabi/5.4.1/../../../../arm-none-eabi/lib/armv6-m\libg_nano.a(lib_a-nano-freer.o)
 .debug_frame   0x00000d04       0x2c c:/dev/gnu tools arm embedded/5.4 2016q3/bin/../lib/gcc/arm-none-eabi/5.4.1/../../../../arm-none-eabi/lib/armv6-m\libg_nano.a(lib_a-nano-mallocr.o)
 .debug_frame   0x00000d30       0x74 c:/dev/gnu tools arm embedded/5.4 2016q3/bin/../lib/gcc/arm-none-eabi/5.4.1/../../../../arm-none-eabi/lib/armv6-m\libg_nano.a(lib_a-nano-svfprintf.o)
 .debug_frame   0x00000da4       0x9c c:/dev/gnu tools arm embedded/5.4 2016q3/bin/../lib/gcc/arm-none-eabi/5.4.1/../../../../arm-none-eabi/lib/armv6-m\libg_nano.a(lib_a-nano-vfprintf.o)
 .debug_frame   0x00000e40       0x2c c:/dev/gnu tools arm embedded/5.4 2016q3/bin/../lib/gcc/arm-none-eabi/5.4.1/../../../../arm-none-eabi/lib/armv6-m\libg_nano.a(lib_a-sbrkr.o)
 .debug_frame   0x00000e6c       0x90 c:/dev/gnu tools arm embedded/5.4 2016q3/bin/../lib/gcc/arm-none-eabi/5.4.1/../../../../arm-none-eabi/lib/armv6-m\libg_nano.a(lib_a-stdio.o)
 .debug_frame   0x00000efc       0x48 c:/dev/gnu tools arm embedded/5.4 2016q3/bin/../lib/gcc/arm-none-eabi/5.4.1/../../../../arm-none-eabi/lib/armv6-m\libg_nano.a(lib_a-wbuf.o)
 .debug_frame   0x00000f44       0x2c c:/dev/gnu tools arm embedded/5.4 2016q3/bin/../lib/gcc/arm-none-eabi/5.4.1/../../../../arm-none-eabi/lib/armv6-m\libg_nano.a(lib_a-writer.o)
 .debug_frame   0x00000f70       0x2c c:/dev/gnu tools arm embedded/5.4 2016q3/bin/../lib/gcc/arm-none-eabi/5.4.1/../../../../arm-none-eabi/lib/armv6-m\libg_nano.a(lib_a-wsetup.o)
 .debug_frame   0x00000f9c       0x2c c:/dev/gnu tools arm embedded/5.4 2016q3/bin/../lib/gcc/arm-none-eabi/5.4.1/../../../../arm-none-eabi/lib/armv6-m\libg_nano.a(lib_a-closer.o)
 .debug_frame   0x00000fc8       0x68 c:/dev/gnu tools arm embedded/5.4 2016q3/bin/../lib/gcc/arm-none-eabi/5.4.1/../../../../arm-none-eabi/lib/armv6-m\libg_nano.a(lib_a-fflush.o)
 .debug_frame   0x00001030       0x94 c:/dev/gnu tools arm embedded/5.4 2016q3/bin/../lib/gcc/arm-none-eabi/5.4.1/../../../../arm-none-eabi/lib/armv6-m\libg_nano.a(lib_a-locale.o)
 .debug_frame   0x000010c4       0x2c c:/dev/gnu tools arm embedded/5.4 2016q3/bin/../lib/gcc/arm-none-eabi/5.4.1/../../../../arm-none-eabi/lib/armv6-m\libg_nano.a(lib_a-lseekr.o)
 .debug_frame   0x000010f0       0x54 c:/dev/gnu tools arm embedded/5.4 2016q3/bin/../lib/gcc/arm-none-eabi/5.4.1/../../../../arm-none-eabi/lib/armv6-m\libg_nano.a(lib_a-makebuf.o)
 .debug_frame   0x00001144       0x44 c:/dev/gnu tools arm embedded/5.4 2016q3/bin/../lib/gcc/arm-none-eabi/5.4.1/../../../../arm-none-eabi/lib/armv6-m\libg_nano.a(lib_a-mbtowc_r.o)
 .debug_frame   0x00001188       0x28 c:/dev/gnu tools arm embedded/5.4 2016q3/bin/../lib/gcc/arm-none-eabi/5.4.1/../../../../arm-none-eabi/lib/armv6-m\libg_nano.a(lib_a-memmove.o)
 .debug_frame   0x000011b0       0x30 c:/dev/gnu tools arm embedded/5.4 2016q3/bin/../lib/gcc/arm-none-eabi/5.4.1/../../../../arm-none-eabi/lib/armv6-m\libg_nano.a(lib_a-mlock.o)
 .debug_frame   0x000011e0       0x30 c:/dev/gnu tools arm embedded/5.4 2016q3/bin/../lib/gcc/arm-none-eabi/5.4.1/../../../../arm-none-eabi/lib/armv6-m\libg_nano.a(lib_a-nano-reallocr.o)
 .debug_frame   0x00001210       0x2c c:/dev/gnu tools arm embedded/5.4 2016q3/bin/../lib/gcc/arm-none-eabi/5.4.1/../../../../arm-none-eabi/lib/armv6-m\libg_nano.a(lib_a-readr.o)
 .debug_frame   0x0000123c       0x38 c:/dev/gnu tools arm embedded/5.4 2016q3/bin/../lib/gcc/arm-none-eabi/5.4.1/../../../../arm-none-eabi/lib/armv6-m\libg_nano.a(lib_a-wctomb_r.o)
 .debug_frame   0x00001274       0x2c c:/dev/gnu tools arm embedded/5.4 2016q3/bin/../lib/gcc/arm-none-eabi/5.4.1/../../../../arm-none-eabi/lib/armv6-m\libg_nano.a(lib_a-fstatr.o)
 .debug_frame   0x000012a0       0x2c c:/dev/gnu tools arm embedded/5.4 2016q3/bin/../lib/gcc/arm-none-eabi/5.4.1/../../../../arm-none-eabi/lib/armv6-m\libg_nano.a(lib_a-isattyr.o)
 .debug_frame   0x000012cc       0x20 c:/dev/gnu tools arm embedded/5.4 2016q3/bin/../lib/gcc/arm-none-eabi/5.4.1/../../../../arm-none-eabi/lib/armv6-m\libg_nano.a(lib_a-nano-msizer.o)
 .debug_frame   0x000012ec       0x20 c:/dev/gnu tools arm embedded/5.4 2016q3/bin/../lib/gcc/arm-none-eabi/5.4.1/armv6-m\libgcc.a(_divsi3.o)
 .debug_frame   0x0000130c       0x3c c:/dev/gnu tools arm embedded/5.4 2016q3/bin/../lib/gcc/arm-none-eabi/5.4.1/armv6-m\libgcc.a(adddf3.o)
 .debug_frame   0x00001348       0x3c c:/dev/gnu tools arm embedded/5.4 2016q3/bin/../lib/gcc/arm-none-eabi/5.4.1/armv6-m\libgcc.a(divdf3.o)
 .debug_frame   0x00001384       0x38 c:/dev/gnu tools arm embedded/5.4 2016q3/bin/../lib/gcc/arm-none-eabi/5.4.1/armv6-m\libgcc.a(eqdf2.o)
 .debug_frame   0x000013bc       0x38 c:/dev/gnu tools arm embedded/5.4 2016q3/bin/../lib/gcc/arm-none-eabi/5.4.1/armv6-m\libgcc.a(gedf2.o)
 .debug_frame   0x000013f4       0x38 c:/dev/gnu tools arm embedded/5.4 2016q3/bin/../lib/gcc/arm-none-eabi/5.4.1/armv6-m\libgcc.a(ledf2.o)
 .debug_frame   0x0000142c       0x3c c:/dev/gnu tools arm embedded/5.4 2016q3/bin/../lib/gcc/arm-none-eabi/5.4.1/armv6-m\libgcc.a(muldf3.o)
 .debug_frame   0x00001468       0x38 c:/dev/gnu tools arm embedded/5.4 2016q3/bin/../lib/gcc/arm-none-eabi/5.4.1/armv6-m\libgcc.a(subdf3.o)
 .debug_frame   0x000014a0       0x2c c:/dev/gnu tools arm embedded/5.4 2016q3/bin/../lib/gcc/arm-none-eabi/5.4.1/armv6-m\libgcc.a(unorddf2.o)
 .debug_frame   0x000014cc       0x2c c:/dev/gnu tools arm embedded/5.4 2016q3/bin/../lib/gcc/arm-none-eabi/5.4.1/armv6-m\libgcc.a(fixdfsi.o)
 .debug_frame   0x000014f8       0x2c c:/dev/gnu tools arm embedded/5.4 2016q3/bin/../lib/gcc/arm-none-eabi/5.4.1/armv6-m\libgcc.a(floatsidf.o)

.debug_str      0x00000000    0x507d5
 *(.debug_str)
 .debug_str     0x00000000     0x6bd0 ./system/src/newlib/_exit.o
                               0x6d42 (size before relaxing)
 .debug_str     0x00006bd0      0x4de ./system/src/newlib/_sbrk.o
                               0x612d (size before relaxing)
 .debug_str     0x000070ae      0xbdc ./system/src/newlib/_startup.o
                               0x5cad (size before relaxing)
 .debug_str     0x00007c8a     0x1053 ./system/src/newlib/_syscalls.o
                               0x7243 (size before relaxing)
 .debug_str     0x00008cdd      0x890 ./system/src/diag/Trace.o
                               0x7532 (size before relaxing)
 .debug_str     0x0000956d    0x46ed7 ./system/src/diag/trace_impl.o
                              0x4d8d4 (size before relaxing)
 .debug_str     0x00050444       0x4e ./system/src/cortexm/_initialize_hardware.o
                              0x49e5a (size before relaxing)
 .debug_str     0x00050492      0x109 ./system/src/cortexm/exception_handlers.o
                              0x4e333 (size before relaxing)
 .debug_str     0x0005059b      0x11c ./system/src/cmsis/system_stm32f0xx.o
                              0x49f28 (size before relaxing)
 .debug_str     0x000506b7       0x56 ./system/src/cmsis/vectors_stm32f0xx.o
                               0x3307 (size before relaxing)
 .debug_str     0x0005070d       0x10 ./src/_write.o
                               0x70ca (size before relaxing)
 .debug_str     0x0005071d       0xb8 ./src/main.o
                              0x4eae2 (size before relaxing)

.debug_loc      0x00000000      0xd61
 *(.debug_loc)
 .debug_loc     0x00000000       0x7b ./system/src/newlib/_sbrk.o
 .debug_loc     0x0000007b      0x265 ./system/src/newlib/_startup.o
 .debug_loc     0x000002e0      0x549 ./system/src/newlib/_syscalls.o
 .debug_loc     0x00000829      0x102 ./system/src/diag/Trace.o
 .debug_loc     0x0000092b      0x17c ./system/src/diag/trace_impl.o
 .debug_loc     0x00000aa7       0x94 ./system/src/cortexm/exception_handlers.o
 .debug_loc     0x00000b3b      0x11f ./system/src/cmsis/system_stm32f0xx.o
 .debug_loc     0x00000c5a       0xad ./src/_write.o
 .debug_loc     0x00000d07       0x5a ./src/main.o

.debug_macinfo
 *(.debug_macinfo)

.debug_weaknames
 *(.debug_weaknames)

.debug_funcnames
 *(.debug_funcnames)

.debug_typenames
 *(.debug_typenames)

.debug_varnames
 *(.debug_varnames)
OUTPUT(fullProject.elf elf32-littlearm)

.debug_ranges   0x00000000      0x258
 .debug_ranges  0x00000000       0x18 ./system/src/newlib/_exit.o
 .debug_ranges  0x00000018       0x10 ./system/src/newlib/_sbrk.o
 .debug_ranges  0x00000028       0x48 ./system/src/newlib/_startup.o
 .debug_ranges  0x00000070       0xc0 ./system/src/newlib/_syscalls.o
 .debug_ranges  0x00000130       0x28 ./system/src/diag/Trace.o
 .debug_ranges  0x00000158       0x38 ./system/src/diag/trace_impl.o
 .debug_ranges  0x00000190       0x18 ./system/src/cortexm/_initialize_hardware.o
 .debug_ranges  0x000001a8       0x48 ./system/src/cortexm/exception_handlers.o
 .debug_ranges  0x000001f0       0x20 ./system/src/cmsis/system_stm32f0xx.o
 .debug_ranges  0x00000210       0x10 ./system/src/cmsis/vectors_stm32f0xx.o
 .debug_ranges  0x00000220       0x10 ./src/_write.o
 .debug_ranges  0x00000230       0x28 ./src/main.o

.debug_macro    0x00000000     0x2af5
 .debug_macro   0x00000000      0x19c ./system/src/newlib/_exit.o
 .debug_macro   0x0000019c       0x9c ./system/src/newlib/_exit.o
 .debug_macro   0x00000238      0x10e ./system/src/newlib/_exit.o
 .debug_macro   0x00000346       0x8d ./system/src/newlib/_exit.o
 .debug_macro   0x000003d3       0x43 ./system/src/newlib/_exit.o
 .debug_macro   0x00000416      0x30d ./system/src/newlib/_exit.o
 .debug_macro   0x00000723       0x35 ./system/src/newlib/_exit.o
 .debug_macro   0x00000758      0x151 ./system/src/newlib/_sbrk.o
 .debug_macro   0x000008a9      0x174 ./system/src/newlib/_sbrk.o
 .debug_macro   0x00000a1d       0x10 ./system/src/newlib/_sbrk.o
 .debug_macro   0x00000a2d      0x23b ./system/src/newlib/_sbrk.o
 .debug_macro   0x00000c68      0x170 ./system/src/newlib/_startup.o
 .debug_macro   0x00000dd8       0x52 ./system/src/newlib/_startup.o
 .debug_macro   0x00000e2a      0x1ff ./system/src/newlib/_syscalls.o
 .debug_macro   0x00001029       0x1c ./system/src/newlib/_syscalls.o
 .debug_macro   0x00001045       0x10 ./system/src/newlib/_syscalls.o
 .debug_macro   0x00001055       0x10 ./system/src/newlib/_syscalls.o
 .debug_macro   0x00001065       0x10 ./system/src/newlib/_syscalls.o
 .debug_macro   0x00001075       0x35 ./system/src/newlib/_syscalls.o
 .debug_macro   0x000010aa      0x122 ./system/src/newlib/_syscalls.o
 .debug_macro   0x000011cc       0x88 ./system/src/newlib/_syscalls.o
 .debug_macro   0x00001254       0x2b ./system/src/newlib/_syscalls.o
 .debug_macro   0x0000127f      0x118 ./system/src/newlib/_syscalls.o
 .debug_macro   0x00001397      0x159 ./system/src/newlib/_syscalls.o
 .debug_macro   0x000014f0       0x16 ./system/src/newlib/_syscalls.o
 .debug_macro   0x00001506      0x1d9 ./system/src/diag/Trace.o
 .debug_macro   0x000016df       0x16 ./system/src/diag/Trace.o
 .debug_macro   0x000016f5       0x97 ./system/src/diag/Trace.o
 .debug_macro   0x0000178c       0xfd ./system/src/diag/Trace.o
 .debug_macro   0x00001889       0x10 ./system/src/diag/Trace.o
 .debug_macro   0x00001899       0x16 ./system/src/diag/Trace.o
 .debug_macro   0x000018af      0x18b ./system/src/diag/Trace.o
 .debug_macro   0x00001a3a       0x4c ./system/src/diag/Trace.o
 .debug_macro   0x00001a86       0x16 ./system/src/diag/Trace.o
 .debug_macro   0x00001a9c      0x2d1 ./system/src/diag/trace_impl.o
 .debug_macro   0x00001d6d       0x10 ./system/src/diag/trace_impl.o
 .debug_macro   0x00001d7d       0xcf ./system/src/diag/trace_impl.o
 .debug_macro   0x00001e4c       0xbe ./system/src/diag/trace_impl.o
 .debug_macro   0x00001f0a       0x22 ./system/src/diag/trace_impl.o
 .debug_macro   0x00001f2c      0x1a4 ./system/src/cortexm/_initialize_hardware.o
 .debug_macro   0x000020d0      0x311 ./system/src/cortexm/exception_handlers.o
 .debug_macro   0x000023e1       0x3b ./system/src/cortexm/exception_handlers.o
 .debug_macro   0x0000241c       0x10 ./system/src/cortexm/exception_handlers.o
 .debug_macro   0x0000242c      0x19a ./system/src/cmsis/system_stm32f0xx.o
 .debug_macro   0x000025c6       0x73 ./system/src/cmsis/vectors_stm32f0xx.o
 .debug_macro   0x00002639      0x17c ./src/_write.o
 .debug_macro   0x000027b5      0x340 ./src/main.o
